<?xml version="1.0" encoding="UTF-8"?>
<testsuites>
  <testsuite name="/app/phpunit-ci.xml" tests="225" assertions="3065" errors="0" failures="0" skipped="0" time="45.366897">
    <testsuite name="Unit" tests="39" assertions="64" errors="0" failures="0" skipped="0" time="1.602282">
      <testsuite name="Tests\Unit\Playground\Directory\Resource\Http\Requests\FormRequest\InstanceTest" file="/app/tests/Unit/Http/Requests/FormRequest/InstanceTest.php" tests="5" assertions="6" errors="0" failures="0" skipped="0" time="0.355509">
        <testcase name="test_form_request_authorize_without_user" file="/app/tests/Unit/Http/Requests/FormRequest/InstanceTest.php" line="23" class="Tests\Unit\Playground\Directory\Resource\Http\Requests\FormRequest\InstanceTest" classname="Tests.Unit.Playground.Directory.Resource.Http.Requests.FormRequest.InstanceTest" assertions="1" time="0.177045"/>
        <testcase name="test_rules_is_empty_by_default" file="/app/tests/Unit/Http/Requests/FormRequest/InstanceTest.php" line="30" class="Tests\Unit\Playground\Directory\Resource\Http\Requests\FormRequest\InstanceTest" classname="Tests.Unit.Playground.Directory.Resource.Http.Requests.FormRequest.InstanceTest" assertions="2" time="0.038026"/>
        <testcase name="test_user_has_admin_privileges_without_user" file="/app/tests/Unit/Http/Requests/FormRequest/InstanceTest.php" line="38" class="Tests\Unit\Playground\Directory\Resource\Http\Requests\FormRequest\InstanceTest" classname="Tests.Unit.Playground.Directory.Resource.Http.Requests.FormRequest.InstanceTest" assertions="1" time="0.037883"/>
        <testcase name="test_user_has_admin_privileges_with_admin" file="/app/tests/Unit/Http/Requests/FormRequest/InstanceTest.php" line="45" class="Tests\Unit\Playground\Directory\Resource\Http\Requests\FormRequest\InstanceTest" classname="Tests.Unit.Playground.Directory.Resource.Http.Requests.FormRequest.InstanceTest" assertions="1" time="0.058710"/>
        <testcase name="test_user_has_admin_privileges_with_default_laravel_user" file="/app/tests/Unit/Http/Requests/FormRequest/InstanceTest.php" line="57" class="Tests\Unit\Playground\Directory\Resource\Http\Requests\FormRequest\InstanceTest" classname="Tests.Unit.Playground.Directory.Resource.Http.Requests.FormRequest.InstanceTest" assertions="1" time="0.043845"/>
      </testsuite>
      <testsuite name="Tests\Unit\Playground\Directory\Resource\Http\Requests\Location\CreateRequestTest" file="/app/tests/Unit/Http/Requests/Location/CreateRequestTest.php" tests="1" assertions="1" errors="0" failures="0" skipped="0" time="0.037161">
        <testcase name="test_request_instance" file="/app/vendor/gammamatrix/playground-test/src/Unit/Http/Requests/RequestCase.php" line="42" class="Tests\Unit\Playground\Directory\Resource\Http\Requests\Location\CreateRequestTest" classname="Tests.Unit.Playground.Directory.Resource.Http.Requests.Location.CreateRequestTest" assertions="1" time="0.037161"/>
      </testsuite>
      <testsuite name="Tests\Unit\Playground\Directory\Resource\Http\Requests\Location\DestroyRequestTest" file="/app/tests/Unit/Http/Requests/Location/DestroyRequestTest.php" tests="1" assertions="1" errors="0" failures="0" skipped="0" time="0.036808">
        <testcase name="test_request_instance" file="/app/vendor/gammamatrix/playground-test/src/Unit/Http/Requests/RequestCase.php" line="42" class="Tests\Unit\Playground\Directory\Resource\Http\Requests\Location\DestroyRequestTest" classname="Tests.Unit.Playground.Directory.Resource.Http.Requests.Location.DestroyRequestTest" assertions="1" time="0.036808"/>
      </testsuite>
      <testsuite name="Tests\Unit\Playground\Directory\Resource\Http\Requests\Location\EditRequestTest" file="/app/tests/Unit/Http/Requests/Location/EditRequestTest.php" tests="1" assertions="1" errors="0" failures="0" skipped="0" time="0.036564">
        <testcase name="test_request_instance" file="/app/vendor/gammamatrix/playground-test/src/Unit/Http/Requests/RequestCase.php" line="42" class="Tests\Unit\Playground\Directory\Resource\Http\Requests\Location\EditRequestTest" classname="Tests.Unit.Playground.Directory.Resource.Http.Requests.Location.EditRequestTest" assertions="1" time="0.036564"/>
      </testsuite>
      <testsuite name="Tests\Unit\Playground\Directory\Resource\Http\Requests\Location\IndexRequestTest" file="/app/tests/Unit/Http/Requests/Location/IndexRequestTest.php" tests="1" assertions="1" errors="0" failures="0" skipped="0" time="0.039752">
        <testcase name="test_request_instance" file="/app/vendor/gammamatrix/playground-test/src/Unit/Http/Requests/RequestCase.php" line="42" class="Tests\Unit\Playground\Directory\Resource\Http\Requests\Location\IndexRequestTest" classname="Tests.Unit.Playground.Directory.Resource.Http.Requests.Location.IndexRequestTest" assertions="1" time="0.039752"/>
      </testsuite>
      <testsuite name="Tests\Unit\Playground\Directory\Resource\Http\Requests\Location\LockRequestTest" file="/app/tests/Unit/Http/Requests/Location/LockRequestTest.php" tests="1" assertions="1" errors="0" failures="0" skipped="0" time="0.038910">
        <testcase name="test_request_instance" file="/app/vendor/gammamatrix/playground-test/src/Unit/Http/Requests/RequestCase.php" line="42" class="Tests\Unit\Playground\Directory\Resource\Http\Requests\Location\LockRequestTest" classname="Tests.Unit.Playground.Directory.Resource.Http.Requests.Location.LockRequestTest" assertions="1" time="0.038910"/>
      </testsuite>
      <testsuite name="Tests\Unit\Playground\Directory\Resource\Http\Requests\Location\RestoreRequestTest" file="/app/tests/Unit/Http/Requests/Location/RestoreRequestTest.php" tests="1" assertions="1" errors="0" failures="0" skipped="0" time="0.037055">
        <testcase name="test_request_instance" file="/app/vendor/gammamatrix/playground-test/src/Unit/Http/Requests/RequestCase.php" line="42" class="Tests\Unit\Playground\Directory\Resource\Http\Requests\Location\RestoreRequestTest" classname="Tests.Unit.Playground.Directory.Resource.Http.Requests.Location.RestoreRequestTest" assertions="1" time="0.037055"/>
      </testsuite>
      <testsuite name="Tests\Unit\Playground\Directory\Resource\Http\Requests\Location\ShowRequestTest" file="/app/tests/Unit/Http/Requests/Location/ShowRequestTest.php" tests="1" assertions="1" errors="0" failures="0" skipped="0" time="0.036517">
        <testcase name="test_request_instance" file="/app/vendor/gammamatrix/playground-test/src/Unit/Http/Requests/RequestCase.php" line="42" class="Tests\Unit\Playground\Directory\Resource\Http\Requests\Location\ShowRequestTest" classname="Tests.Unit.Playground.Directory.Resource.Http.Requests.Location.ShowRequestTest" assertions="1" time="0.036517"/>
      </testsuite>
      <testsuite name="Tests\Unit\Playground\Directory\Resource\Http\Requests\Location\StoreRequestTest" file="/app/tests/Unit/Http/Requests/Location/StoreRequestTest.php" tests="3" assertions="8" errors="0" failures="0" skipped="0" time="0.111025">
        <testcase name="test_request_instance" file="/app/vendor/gammamatrix/playground-test/src/Unit/Http/Requests/RequestCase.php" line="42" class="Tests\Unit\Playground\Directory\Resource\Http\Requests\Location\StoreRequestTest" classname="Tests.Unit.Playground.Directory.Resource.Http.Requests.Location.StoreRequestTest" assertions="1" time="0.037256"/>
        <testcase name="test_store_request_rules_with_optional_revisions_disabled" file="/app/tests/Unit/Http/Requests/Location/StoreRequestTest.php" line="21" class="Tests\Unit\Playground\Directory\Resource\Http\Requests\Location\StoreRequestTest" classname="Tests.Unit.Playground.Directory.Resource.Http.Requests.Location.StoreRequestTest" assertions="3" time="0.036564"/>
        <testcase name="test_store_request_rules_with_optional_revisions_enabled" file="/app/tests/Unit/Http/Requests/Location/StoreRequestTest.php" line="31" class="Tests\Unit\Playground\Directory\Resource\Http\Requests\Location\StoreRequestTest" classname="Tests.Unit.Playground.Directory.Resource.Http.Requests.Location.StoreRequestTest" assertions="4" time="0.037205"/>
      </testsuite>
      <testsuite name="Tests\Unit\Playground\Directory\Resource\Http\Requests\Location\UnlockRequestTest" file="/app/tests/Unit/Http/Requests/Location/UnlockRequestTest.php" tests="1" assertions="1" errors="0" failures="0" skipped="0" time="0.036423">
        <testcase name="test_request_instance" file="/app/vendor/gammamatrix/playground-test/src/Unit/Http/Requests/RequestCase.php" line="42" class="Tests\Unit\Playground\Directory\Resource\Http\Requests\Location\UnlockRequestTest" classname="Tests.Unit.Playground.Directory.Resource.Http.Requests.Location.UnlockRequestTest" assertions="1" time="0.036423"/>
      </testsuite>
      <testsuite name="Tests\Unit\Playground\Directory\Resource\Http\Requests\Location\UpdateRequestTest" file="/app/tests/Unit/Http/Requests/Location/UpdateRequestTest.php" tests="3" assertions="8" errors="0" failures="0" skipped="0" time="0.111630">
        <testcase name="test_request_instance" file="/app/vendor/gammamatrix/playground-test/src/Unit/Http/Requests/RequestCase.php" line="42" class="Tests\Unit\Playground\Directory\Resource\Http\Requests\Location\UpdateRequestTest" classname="Tests.Unit.Playground.Directory.Resource.Http.Requests.Location.UpdateRequestTest" assertions="1" time="0.036888"/>
        <testcase name="test_update_request_rules_with_optional_revisions_disabled" file="/app/tests/Unit/Http/Requests/Location/UpdateRequestTest.php" line="21" class="Tests\Unit\Playground\Directory\Resource\Http\Requests\Location\UpdateRequestTest" classname="Tests.Unit.Playground.Directory.Resource.Http.Requests.Location.UpdateRequestTest" assertions="3" time="0.036909"/>
        <testcase name="test_update_request_rules_with_optional_revisions_enabled" file="/app/tests/Unit/Http/Requests/Location/UpdateRequestTest.php" line="31" class="Tests\Unit\Playground\Directory\Resource\Http\Requests\Location\UpdateRequestTest" classname="Tests.Unit.Playground.Directory.Resource.Http.Requests.Location.UpdateRequestTest" assertions="4" time="0.037833"/>
      </testsuite>
      <testsuite name="Tests\Unit\Playground\Directory\Resource\Http\Requests\Sublocation\CreateRequestTest" file="/app/tests/Unit/Http/Requests/Sublocation/CreateRequestTest.php" tests="1" assertions="1" errors="0" failures="0" skipped="0" time="0.035577">
        <testcase name="test_request_instance" file="/app/vendor/gammamatrix/playground-test/src/Unit/Http/Requests/RequestCase.php" line="42" class="Tests\Unit\Playground\Directory\Resource\Http\Requests\Sublocation\CreateRequestTest" classname="Tests.Unit.Playground.Directory.Resource.Http.Requests.Sublocation.CreateRequestTest" assertions="1" time="0.035577"/>
      </testsuite>
      <testsuite name="Tests\Unit\Playground\Directory\Resource\Http\Requests\Sublocation\DestroyRequestTest" file="/app/tests/Unit/Http/Requests/Sublocation/DestroyRequestTest.php" tests="1" assertions="1" errors="0" failures="0" skipped="0" time="0.036474">
        <testcase name="test_request_instance" file="/app/vendor/gammamatrix/playground-test/src/Unit/Http/Requests/RequestCase.php" line="42" class="Tests\Unit\Playground\Directory\Resource\Http\Requests\Sublocation\DestroyRequestTest" classname="Tests.Unit.Playground.Directory.Resource.Http.Requests.Sublocation.DestroyRequestTest" assertions="1" time="0.036474"/>
      </testsuite>
      <testsuite name="Tests\Unit\Playground\Directory\Resource\Http\Requests\Sublocation\EditRequestTest" file="/app/tests/Unit/Http/Requests/Sublocation/EditRequestTest.php" tests="1" assertions="1" errors="0" failures="0" skipped="0" time="0.037735">
        <testcase name="test_request_instance" file="/app/vendor/gammamatrix/playground-test/src/Unit/Http/Requests/RequestCase.php" line="42" class="Tests\Unit\Playground\Directory\Resource\Http\Requests\Sublocation\EditRequestTest" classname="Tests.Unit.Playground.Directory.Resource.Http.Requests.Sublocation.EditRequestTest" assertions="1" time="0.037735"/>
      </testsuite>
      <testsuite name="Tests\Unit\Playground\Directory\Resource\Http\Requests\Sublocation\IndexRequestTest" file="/app/tests/Unit/Http/Requests/Sublocation/IndexRequestTest.php" tests="1" assertions="1" errors="0" failures="0" skipped="0" time="0.036466">
        <testcase name="test_request_instance" file="/app/vendor/gammamatrix/playground-test/src/Unit/Http/Requests/RequestCase.php" line="42" class="Tests\Unit\Playground\Directory\Resource\Http\Requests\Sublocation\IndexRequestTest" classname="Tests.Unit.Playground.Directory.Resource.Http.Requests.Sublocation.IndexRequestTest" assertions="1" time="0.036466"/>
      </testsuite>
      <testsuite name="Tests\Unit\Playground\Directory\Resource\Http\Requests\Sublocation\LockRequestTest" file="/app/tests/Unit/Http/Requests/Sublocation/LockRequestTest.php" tests="1" assertions="1" errors="0" failures="0" skipped="0" time="0.035379">
        <testcase name="test_request_instance" file="/app/vendor/gammamatrix/playground-test/src/Unit/Http/Requests/RequestCase.php" line="42" class="Tests\Unit\Playground\Directory\Resource\Http\Requests\Sublocation\LockRequestTest" classname="Tests.Unit.Playground.Directory.Resource.Http.Requests.Sublocation.LockRequestTest" assertions="1" time="0.035379"/>
      </testsuite>
      <testsuite name="Tests\Unit\Playground\Directory\Resource\Http\Requests\Sublocation\RestoreRequestTest" file="/app/tests/Unit/Http/Requests/Sublocation/RestoreRequestTest.php" tests="1" assertions="1" errors="0" failures="0" skipped="0" time="0.034935">
        <testcase name="test_request_instance" file="/app/vendor/gammamatrix/playground-test/src/Unit/Http/Requests/RequestCase.php" line="42" class="Tests\Unit\Playground\Directory\Resource\Http\Requests\Sublocation\RestoreRequestTest" classname="Tests.Unit.Playground.Directory.Resource.Http.Requests.Sublocation.RestoreRequestTest" assertions="1" time="0.034935"/>
      </testsuite>
      <testsuite name="Tests\Unit\Playground\Directory\Resource\Http\Requests\Sublocation\ShowRequestTest" file="/app/tests/Unit/Http/Requests/Sublocation/ShowRequestTest.php" tests="1" assertions="1" errors="0" failures="0" skipped="0" time="0.035338">
        <testcase name="test_request_instance" file="/app/vendor/gammamatrix/playground-test/src/Unit/Http/Requests/RequestCase.php" line="42" class="Tests\Unit\Playground\Directory\Resource\Http\Requests\Sublocation\ShowRequestTest" classname="Tests.Unit.Playground.Directory.Resource.Http.Requests.Sublocation.ShowRequestTest" assertions="1" time="0.035338"/>
      </testsuite>
      <testsuite name="Tests\Unit\Playground\Directory\Resource\Http\Requests\Sublocation\StoreRequestTest" file="/app/tests/Unit/Http/Requests/Sublocation/StoreRequestTest.php" tests="3" assertions="8" errors="0" failures="0" skipped="0" time="0.108718">
        <testcase name="test_request_instance" file="/app/vendor/gammamatrix/playground-test/src/Unit/Http/Requests/RequestCase.php" line="42" class="Tests\Unit\Playground\Directory\Resource\Http\Requests\Sublocation\StoreRequestTest" classname="Tests.Unit.Playground.Directory.Resource.Http.Requests.Sublocation.StoreRequestTest" assertions="1" time="0.036000"/>
        <testcase name="test_store_request_rules_with_optional_revisions_disabled" file="/app/tests/Unit/Http/Requests/Sublocation/StoreRequestTest.php" line="21" class="Tests\Unit\Playground\Directory\Resource\Http\Requests\Sublocation\StoreRequestTest" classname="Tests.Unit.Playground.Directory.Resource.Http.Requests.Sublocation.StoreRequestTest" assertions="3" time="0.036214"/>
        <testcase name="test_store_request_rules_with_optional_revisions_enabled" file="/app/tests/Unit/Http/Requests/Sublocation/StoreRequestTest.php" line="31" class="Tests\Unit\Playground\Directory\Resource\Http\Requests\Sublocation\StoreRequestTest" classname="Tests.Unit.Playground.Directory.Resource.Http.Requests.Sublocation.StoreRequestTest" assertions="4" time="0.036504"/>
      </testsuite>
      <testsuite name="Tests\Unit\Playground\Directory\Resource\Http\Requests\Sublocation\UnlockRequestTest" file="/app/tests/Unit/Http/Requests/Sublocation/UnlockRequestTest.php" tests="1" assertions="1" errors="0" failures="0" skipped="0" time="0.035117">
        <testcase name="test_request_instance" file="/app/vendor/gammamatrix/playground-test/src/Unit/Http/Requests/RequestCase.php" line="42" class="Tests\Unit\Playground\Directory\Resource\Http\Requests\Sublocation\UnlockRequestTest" classname="Tests.Unit.Playground.Directory.Resource.Http.Requests.Sublocation.UnlockRequestTest" assertions="1" time="0.035117"/>
      </testsuite>
      <testsuite name="Tests\Unit\Playground\Directory\Resource\Http\Requests\Sublocation\UpdateRequestTest" file="/app/tests/Unit/Http/Requests/Sublocation/UpdateRequestTest.php" tests="3" assertions="8" errors="0" failures="0" skipped="0" time="0.109490">
        <testcase name="test_request_instance" file="/app/vendor/gammamatrix/playground-test/src/Unit/Http/Requests/RequestCase.php" line="42" class="Tests\Unit\Playground\Directory\Resource\Http\Requests\Sublocation\UpdateRequestTest" classname="Tests.Unit.Playground.Directory.Resource.Http.Requests.Sublocation.UpdateRequestTest" assertions="1" time="0.036730"/>
        <testcase name="test_update_request_rules_with_optional_revisions_disabled" file="/app/tests/Unit/Http/Requests/Sublocation/UpdateRequestTest.php" line="21" class="Tests\Unit\Playground\Directory\Resource\Http\Requests\Sublocation\UpdateRequestTest" classname="Tests.Unit.Playground.Directory.Resource.Http.Requests.Sublocation.UpdateRequestTest" assertions="3" time="0.036114"/>
        <testcase name="test_update_request_rules_with_optional_revisions_enabled" file="/app/tests/Unit/Http/Requests/Sublocation/UpdateRequestTest.php" line="31" class="Tests\Unit\Playground\Directory\Resource\Http\Requests\Sublocation\UpdateRequestTest" classname="Tests.Unit.Playground.Directory.Resource.Http.Requests.Sublocation.UpdateRequestTest" assertions="4" time="0.036646"/>
      </testsuite>
      <testsuite name="Tests\Unit\Playground\Directory\Resource\Policies\LocationPolicy\PolicyTest" file="/app/tests/Unit/Policies/LocationPolicy/PolicyTest.php" tests="1" assertions="1" errors="0" failures="0" skipped="0" time="0.037359">
        <testcase name="test_policy_instance" file="/app/tests/Unit/Policies/LocationPolicy/PolicyTest.php" line="21" class="Tests\Unit\Playground\Directory\Resource\Policies\LocationPolicy\PolicyTest" classname="Tests.Unit.Playground.Directory.Resource.Policies.LocationPolicy.PolicyTest" assertions="1" time="0.037359"/>
      </testsuite>
      <testsuite name="Tests\Unit\Playground\Directory\Resource\Policies\SublocationPolicy\PolicyTest" file="/app/tests/Unit/Policies/SublocationPolicy/PolicyTest.php" tests="1" assertions="1" errors="0" failures="0" skipped="0" time="0.036191">
        <testcase name="test_policy_instance" file="/app/tests/Unit/Policies/SublocationPolicy/PolicyTest.php" line="21" class="Tests\Unit\Playground\Directory\Resource\Policies\SublocationPolicy\PolicyTest" classname="Tests.Unit.Playground.Directory.Resource.Policies.SublocationPolicy.PolicyTest" assertions="1" time="0.036191"/>
      </testsuite>
      <testsuite name="Tests\Unit\Playground\Directory\Resource\ServiceProvider\InstanceTest" file="/app/tests/Unit/ServiceProvider/InstanceTest.php" tests="4" assertions="8" errors="0" failures="0" skipped="0" time="0.146151">
        <testcase name="test_version_matches" file="/app/tests/Unit/ServiceProvider/InstanceTest.php" line="22" class="Tests\Unit\Playground\Directory\Resource\ServiceProvider\InstanceTest" classname="Tests.Unit.Playground.Directory.Resource.ServiceProvider.InstanceTest" assertions="3" time="0.035414"/>
        <testcase name="test_set_policies_with_empty_array" file="/app/tests/Unit/ServiceProvider/InstanceTest.php" line="32" class="Tests\Unit\Playground\Directory\Resource\ServiceProvider\InstanceTest" classname="Tests.Unit.Playground.Directory.Resource.ServiceProvider.InstanceTest" assertions="1" time="0.035540"/>
        <testcase name="test_set_policies_with_invalid_model" file="/app/tests/Unit/ServiceProvider/InstanceTest.php" line="46" class="Tests\Unit\Playground\Directory\Resource\ServiceProvider\InstanceTest" classname="Tests.Unit.Playground.Directory.Resource.ServiceProvider.InstanceTest" assertions="2" time="0.037354"/>
        <testcase name="test_set_policies_with_invalid_policy" file="/app/tests/Unit/ServiceProvider/InstanceTest.php" line="77" class="Tests\Unit\Playground\Directory\Resource\ServiceProvider\InstanceTest" classname="Tests.Unit.Playground.Directory.Resource.ServiceProvider.InstanceTest" assertions="2" time="0.037843"/>
      </testsuite>
    </testsuite>
    <testsuite name="Feature" tests="186" assertions="3001" errors="0" failures="0" skipped="0" time="43.764616">
      <testsuite name="Tests\Feature\Playground\Directory\Resource\Console\Commands\About\CommandTest" file="/app/tests/Feature/Console/Commands/About/CommandTest.php" tests="1" assertions="2" errors="0" failures="0" skipped="0" time="0.476503">
        <testcase name="test_command_about_displays_package_information_and_succeed" file="/app/tests/Feature/Console/Commands/About/CommandTest.php" line="22" class="Tests\Feature\Playground\Directory\Resource\Console\Commands\About\CommandTest" classname="Tests.Feature.Playground.Directory.Resource.Console.Commands.About.CommandTest" assertions="2" time="0.476503"/>
      </testsuite>
      <testsuite name="Tests\Feature\Playground\Directory\Resource\Http\Controllers\Playground\IndexRouteTest" file="/app/tests/Feature/Http/Controllers/Playground/IndexRouteTest.php" tests="2" assertions="3" errors="0" failures="0" skipped="0" time="0.441861">
        <testcase name="test_guest_cannot_render_index_view" file="/app/tests/Feature/Http/Controllers/Playground/IndexRouteTest.php" line="21" class="Tests\Feature\Playground\Directory\Resource\Http\Controllers\Playground\IndexRouteTest" classname="Tests.Feature.Playground.Directory.Resource.Http.Controllers.Playground.IndexRouteTest" assertions="1" time="0.214821"/>
        <testcase name="test_admin_can_render_index_view" file="/app/tests/Feature/Http/Controllers/Playground/IndexRouteTest.php" line="30" class="Tests\Feature\Playground\Directory\Resource\Http\Controllers\Playground\IndexRouteTest" classname="Tests.Feature.Playground.Directory.Resource.Http.Controllers.Playground.IndexRouteTest" assertions="2" time="0.227041"/>
      </testsuite>
      <testsuite name="Tests\Feature\Playground\Directory\Resource\Http\Controllers\Playground\LocationRouteTest" file="/app/tests/Feature/Http/Controllers/Playground/LocationRouteTest.php" tests="91" assertions="1491" errors="0" failures="0" skipped="0" time="21.463271">
        <testcase name="test_json_guest_cannot_get_create_info" file="/app/vendor/gammamatrix/playground-test/src/Feature/Http/Controllers/Resource/Playground/CreateJsonTrait.php" line="39" class="Tests\Feature\Playground\Directory\Resource\Http\Controllers\Playground\LocationRouteTest" classname="Tests.Feature.Playground.Directory.Resource.Http.Controllers.Playground.LocationRouteTest" assertions="1" time="0.186574"/>
        <testcase name="test_json_admin_can_get_create_info" file="/app/vendor/gammamatrix/playground-test/src/Feature/Http/Controllers/Resource/Playground/CreateJsonTrait.php" line="54" class="Tests\Feature\Playground\Directory\Resource\Http\Controllers\Playground\LocationRouteTest" classname="Tests.Feature.Playground.Directory.Resource.Http.Controllers.Playground.LocationRouteTest" assertions="94" time="0.216482"/>
        <testcase name="test_json_get_create_info_as_admin_with_invalid_parameter_and_fail_validation" file="/app/vendor/gammamatrix/playground-test/src/Feature/Http/Controllers/Resource/Playground/CreateJsonTrait.php" line="74" class="Tests\Feature\Playground\Directory\Resource\Http\Controllers\Playground\LocationRouteTest" classname="Tests.Feature.Playground.Directory.Resource.Http.Controllers.Playground.LocationRouteTest" assertions="4" time="0.205652"/>
        <testcase name="test_guest_cannot_render_create_view" file="/app/vendor/gammamatrix/playground-test/src/Feature/Http/Controllers/Resource/Playground/CreateTrait.php" line="34" class="Tests\Feature\Playground\Directory\Resource\Http\Controllers\Playground\LocationRouteTest" classname="Tests.Feature.Playground.Directory.Resource.Http.Controllers.Playground.LocationRouteTest" assertions="1" time="0.190475"/>
        <testcase name="test_admin_can_render_create_view" file="/app/vendor/gammamatrix/playground-test/src/Feature/Http/Controllers/Resource/Playground/CreateTrait.php" line="48" class="Tests\Feature\Playground\Directory\Resource\Http\Controllers\Playground\LocationRouteTest" classname="Tests.Feature.Playground.Directory.Resource.Http.Controllers.Playground.LocationRouteTest" assertions="2" time="0.263225"/>
        <testcase name="test_admin_can_render_create_view_with_return_url" file="/app/vendor/gammamatrix/playground-test/src/Feature/Http/Controllers/Resource/Playground/CreateTrait.php" line="66" class="Tests\Feature\Playground\Directory\Resource\Http\Controllers\Playground\LocationRouteTest" classname="Tests.Feature.Playground.Directory.Resource.Http.Controllers.Playground.LocationRouteTest" assertions="3" time="0.236197"/>
        <testcase name="test_create_view_as_admin_with_invalid_parameter_and_fail_validation_and_redirect" file="/app/vendor/gammamatrix/playground-test/src/Feature/Http/Controllers/Resource/Playground/CreateTrait.php" line="90" class="Tests\Feature\Playground\Directory\Resource\Http\Controllers\Playground\LocationRouteTest" classname="Tests.Feature.Playground.Directory.Resource.Http.Controllers.Playground.LocationRouteTest" assertions="5" time="0.203935"/>
        <testcase name="test_json_guest_cannot_destroy" file="/app/vendor/gammamatrix/playground-test/src/Feature/Http/Controllers/Resource/Playground/DestroyJsonTrait.php" line="32" class="Tests\Feature\Playground\Directory\Resource\Http\Controllers\Playground\LocationRouteTest" classname="Tests.Feature.Playground.Directory.Resource.Http.Controllers.Playground.LocationRouteTest" assertions="3" time="0.202197"/>
        <testcase name="test_json_destroy_as_admin_and_succeed" file="/app/vendor/gammamatrix/playground-test/src/Feature/Http/Controllers/Resource/Playground/DestroyJsonTrait.php" line="62" class="Tests\Feature\Playground\Directory\Resource\Http\Controllers\Playground\LocationRouteTest" classname="Tests.Feature.Playground.Directory.Resource.Http.Controllers.Playground.LocationRouteTest" assertions="5" time="0.217317"/>
        <testcase name="test_json_destroy_as_admin_and_succeed_with_force_delete" file="/app/vendor/gammamatrix/playground-test/src/Feature/Http/Controllers/Resource/Playground/DestroyJsonTrait.php" line="101" class="Tests\Feature\Playground\Directory\Resource\Http\Controllers\Playground\LocationRouteTest" classname="Tests.Feature.Playground.Directory.Resource.Http.Controllers.Playground.LocationRouteTest" assertions="4" time="0.207346"/>
        <testcase name="test_json_destroy_as_admin_and_succeed_with_no_content" file="/app/vendor/gammamatrix/playground-test/src/Feature/Http/Controllers/Resource/Playground/DestroyJsonTrait.php" line="133" class="Tests\Feature\Playground\Directory\Resource\Http\Controllers\Playground\LocationRouteTest" classname="Tests.Feature.Playground.Directory.Resource.Http.Controllers.Playground.LocationRouteTest" assertions="5" time="0.210646"/>
        <testcase name="test_json_destroy_as_admin_and_succeed_and_ignore_redirect" file="/app/vendor/gammamatrix/playground-test/src/Feature/Http/Controllers/Resource/Playground/DestroyJsonTrait.php" line="168" class="Tests\Feature\Playground\Directory\Resource\Http\Controllers\Playground\LocationRouteTest" classname="Tests.Feature.Playground.Directory.Resource.Http.Controllers.Playground.LocationRouteTest" assertions="5" time="0.213150"/>
        <testcase name="test_json_destroy_as_user_and_get_denied_and_no_force_delete_allowed" file="/app/vendor/gammamatrix/playground-test/src/Feature/Http/Controllers/Resource/Playground/DestroyJsonTrait.php" line="210" class="Tests\Feature\Playground\Directory\Resource\Http\Controllers\Playground\LocationRouteTest" classname="Tests.Feature.Playground.Directory.Resource.Http.Controllers.Playground.LocationRouteTest" assertions="3" time="0.205418"/>
        <testcase name="test_guest_cannot_destroy" file="/app/vendor/gammamatrix/playground-test/src/Feature/Http/Controllers/Resource/Playground/DestroyTrait.php" line="32" class="Tests\Feature\Playground\Directory\Resource\Http\Controllers\Playground\LocationRouteTest" classname="Tests.Feature.Playground.Directory.Resource.Http.Controllers.Playground.LocationRouteTest" assertions="3" time="0.201397"/>
        <testcase name="test_destroy_as_admin_and_succeed" file="/app/vendor/gammamatrix/playground-test/src/Feature/Http/Controllers/Resource/Playground/DestroyTrait.php" line="62" class="Tests\Feature\Playground\Directory\Resource\Http\Controllers\Playground\LocationRouteTest" classname="Tests.Feature.Playground.Directory.Resource.Http.Controllers.Playground.LocationRouteTest" assertions="5" time="0.210393"/>
        <testcase name="test_destroy_as_admin_and_succeed_with_force_delete" file="/app/vendor/gammamatrix/playground-test/src/Feature/Http/Controllers/Resource/Playground/DestroyTrait.php" line="98" class="Tests\Feature\Playground\Directory\Resource\Http\Controllers\Playground\LocationRouteTest" classname="Tests.Feature.Playground.Directory.Resource.Http.Controllers.Playground.LocationRouteTest" assertions="4" time="0.209976"/>
        <testcase name="test_destroy_as_admin_and_succeed_with_redirect_to_index_with_trash" file="/app/vendor/gammamatrix/playground-test/src/Feature/Http/Controllers/Resource/Playground/DestroyTrait.php" line="130" class="Tests\Feature\Playground\Directory\Resource\Http\Controllers\Playground\LocationRouteTest" classname="Tests.Feature.Playground.Directory.Resource.Http.Controllers.Playground.LocationRouteTest" assertions="5" time="0.212752"/>
        <testcase name="test_destroy_as_user_and_get_denied_and_no_force_delete_allowed" file="/app/vendor/gammamatrix/playground-test/src/Feature/Http/Controllers/Resource/Playground/DestroyTrait.php" line="172" class="Tests\Feature\Playground\Directory\Resource\Http\Controllers\Playground\LocationRouteTest" classname="Tests.Feature.Playground.Directory.Resource.Http.Controllers.Playground.LocationRouteTest" assertions="3" time="0.212245"/>
        <testcase name="test_json_guest_cannot_get_edit_info" file="/app/vendor/gammamatrix/playground-test/src/Feature/Http/Controllers/Resource/Playground/EditJsonTrait.php" line="39" class="Tests\Feature\Playground\Directory\Resource\Http\Controllers\Playground\LocationRouteTest" classname="Tests.Feature.Playground.Directory.Resource.Http.Controllers.Playground.LocationRouteTest" assertions="1" time="0.200972"/>
        <testcase name="test_json_admin_can_get_edit_info" file="/app/vendor/gammamatrix/playground-test/src/Feature/Http/Controllers/Resource/Playground/EditJsonTrait.php" line="59" class="Tests\Feature\Playground\Directory\Resource\Http\Controllers\Playground\LocationRouteTest" classname="Tests.Feature.Playground.Directory.Resource.Http.Controllers.Playground.LocationRouteTest" assertions="4" time="0.222291"/>
        <testcase name="test_json_edit_as_admin_and_fail_validation_with_invalid_parameter" file="/app/vendor/gammamatrix/playground-test/src/Feature/Http/Controllers/Resource/Playground/EditJsonTrait.php" line="88" class="Tests\Feature\Playground\Directory\Resource\Http\Controllers\Playground\LocationRouteTest" classname="Tests.Feature.Playground.Directory.Resource.Http.Controllers.Playground.LocationRouteTest" assertions="4" time="0.222009"/>
        <testcase name="test_guest_cannot_render_edit_view" file="/app/vendor/gammamatrix/playground-test/src/Feature/Http/Controllers/Resource/Playground/EditTrait.php" line="34" class="Tests\Feature\Playground\Directory\Resource\Http\Controllers\Playground\LocationRouteTest" classname="Tests.Feature.Playground.Directory.Resource.Http.Controllers.Playground.LocationRouteTest" assertions="1" time="0.207030"/>
        <testcase name="test_admin_can_render_edit_view" file="/app/vendor/gammamatrix/playground-test/src/Feature/Http/Controllers/Resource/Playground/EditTrait.php" line="54" class="Tests\Feature\Playground\Directory\Resource\Http\Controllers\Playground\LocationRouteTest" classname="Tests.Feature.Playground.Directory.Resource.Http.Controllers.Playground.LocationRouteTest" assertions="2" time="0.252262"/>
        <testcase name="test_admin_can_render_edit_view_with_return_url" file="/app/vendor/gammamatrix/playground-test/src/Feature/Http/Controllers/Resource/Playground/EditTrait.php" line="78" class="Tests\Feature\Playground\Directory\Resource\Http\Controllers\Playground\LocationRouteTest" classname="Tests.Feature.Playground.Directory.Resource.Http.Controllers.Playground.LocationRouteTest" assertions="3" time="0.255137"/>
        <testcase name="test_edit_view_as_admin_with_invalid_parameter_and_fail_validation_and_redirect" file="/app/vendor/gammamatrix/playground-test/src/Feature/Http/Controllers/Resource/Playground/EditTrait.php" line="107" class="Tests\Feature\Playground\Directory\Resource\Http\Controllers\Playground\LocationRouteTest" classname="Tests.Feature.Playground.Directory.Resource.Http.Controllers.Playground.LocationRouteTest" assertions="4" time="0.218331"/>
        <testcase name="test_json_guest_cannot_get_index" file="/app/vendor/gammamatrix/playground-test/src/Feature/Http/Controllers/Resource/Playground/IndexJsonTrait.php" line="35" class="Tests\Feature\Playground\Directory\Resource\Http\Controllers\Playground\LocationRouteTest" classname="Tests.Feature.Playground.Directory.Resource.Http.Controllers.Playground.LocationRouteTest" assertions="1" time="0.202473"/>
        <testcase name="test_json_admin_can_get_index" file="/app/vendor/gammamatrix/playground-test/src/Feature/Http/Controllers/Resource/Playground/IndexJsonTrait.php" line="50" class="Tests\Feature\Playground\Directory\Resource\Http\Controllers\Playground\LocationRouteTest" classname="Tests.Feature.Playground.Directory.Resource.Http.Controllers.Playground.LocationRouteTest" assertions="98" time="0.229696"/>
        <testcase name="test_json_admin_can_get_index_with_filters" file="/app/vendor/gammamatrix/playground-test/src/Feature/Http/Controllers/Resource/Playground/IndexJsonTrait.php" line="86" class="Tests\Feature\Playground\Directory\Resource\Http\Controllers\Playground\LocationRouteTest" classname="Tests.Feature.Playground.Directory.Resource.Http.Controllers.Playground.LocationRouteTest" assertions="3" time="0.232232"/>
        <testcase name="test_guest_cannot_render_index_view" file="/app/vendor/gammamatrix/playground-test/src/Feature/Http/Controllers/Resource/Playground/IndexTrait.php" line="30" class="Tests\Feature\Playground\Directory\Resource\Http\Controllers\Playground\LocationRouteTest" classname="Tests.Feature.Playground.Directory.Resource.Http.Controllers.Playground.LocationRouteTest" assertions="1" time="0.208313"/>
        <testcase name="test_admin_can_render_index_view" file="/app/vendor/gammamatrix/playground-test/src/Feature/Http/Controllers/Resource/Playground/IndexTrait.php" line="45" class="Tests\Feature\Playground\Directory\Resource\Http\Controllers\Playground\LocationRouteTest" classname="Tests.Feature.Playground.Directory.Resource.Http.Controllers.Playground.LocationRouteTest" assertions="2" time="0.274551"/>
        <testcase name="test_admin_can_render_index_view_with_filters" file="/app/vendor/gammamatrix/playground-test/src/Feature/Http/Controllers/Resource/Playground/IndexTrait.php" line="78" class="Tests\Feature\Playground\Directory\Resource\Http\Controllers\Playground\LocationRouteTest" classname="Tests.Feature.Playground.Directory.Resource.Http.Controllers.Playground.LocationRouteTest" assertions="3" time="0.252527"/>
        <testcase name="test_json_guest_cannot_lock" file="/app/vendor/gammamatrix/playground-test/src/Feature/Http/Controllers/Resource/Playground/LockJsonTrait.php" line="37" class="Tests\Feature\Playground\Directory\Resource\Http\Controllers\Playground\LocationRouteTest" classname="Tests.Feature.Playground.Directory.Resource.Http.Controllers.Playground.LocationRouteTest" assertions="3" time="0.203707"/>
        <testcase name="test_json_lock_as_admin_and_succeed" file="/app/vendor/gammamatrix/playground-test/src/Feature/Http/Controllers/Resource/Playground/LockJsonTrait.php" line="67" class="Tests\Feature\Playground\Directory\Resource\Http\Controllers\Playground\LocationRouteTest" classname="Tests.Feature.Playground.Directory.Resource.Http.Controllers.Playground.LocationRouteTest" assertions="3" time="0.228957"/>
        <testcase name="test_json_lock_as_admin_and_succeed_with_no_redirect" file="/app/vendor/gammamatrix/playground-test/src/Feature/Http/Controllers/Resource/Playground/LockJsonTrait.php" line="99" class="Tests\Feature\Playground\Directory\Resource\Http\Controllers\Playground\LocationRouteTest" classname="Tests.Feature.Playground.Directory.Resource.Http.Controllers.Playground.LocationRouteTest" assertions="96" time="0.234016"/>
        <testcase name="test_json_lock_as_user_and_get_denied" file="/app/vendor/gammamatrix/playground-test/src/Feature/Http/Controllers/Resource/Playground/LockJsonTrait.php" line="144" class="Tests\Feature\Playground\Directory\Resource\Http\Controllers\Playground\LocationRouteTest" classname="Tests.Feature.Playground.Directory.Resource.Http.Controllers.Playground.LocationRouteTest" assertions="3" time="0.216207"/>
        <testcase name="test_guest_cannot_lock" file="/app/vendor/gammamatrix/playground-test/src/Feature/Http/Controllers/Resource/Playground/LockTrait.php" line="32" class="Tests\Feature\Playground\Directory\Resource\Http\Controllers\Playground\LocationRouteTest" classname="Tests.Feature.Playground.Directory.Resource.Http.Controllers.Playground.LocationRouteTest" assertions="3" time="0.208075"/>
        <testcase name="test_lock_as_admin_and_succeed" file="/app/vendor/gammamatrix/playground-test/src/Feature/Http/Controllers/Resource/Playground/LockTrait.php" line="62" class="Tests\Feature\Playground\Directory\Resource\Http\Controllers\Playground\LocationRouteTest" classname="Tests.Feature.Playground.Directory.Resource.Http.Controllers.Playground.LocationRouteTest" assertions="4" time="0.224436"/>
        <testcase name="test_lock_as_admin_and_succeed_with_redirect_to_index_with_sorted_by_locked_desc" file="/app/vendor/gammamatrix/playground-test/src/Feature/Http/Controllers/Resource/Playground/LockTrait.php" line="96" class="Tests\Feature\Playground\Directory\Resource\Http\Controllers\Playground\LocationRouteTest" classname="Tests.Feature.Playground.Directory.Resource.Http.Controllers.Playground.LocationRouteTest" assertions="4" time="0.221851"/>
        <testcase name="test_lock_as_user_and_get_denied" file="/app/vendor/gammamatrix/playground-test/src/Feature/Http/Controllers/Resource/Playground/LockTrait.php" line="133" class="Tests\Feature\Playground\Directory\Resource\Http\Controllers\Playground\LocationRouteTest" classname="Tests.Feature.Playground.Directory.Resource.Http.Controllers.Playground.LocationRouteTest" assertions="3" time="0.214744"/>
        <testcase name="test_json_guest_cannot_restore" file="/app/vendor/gammamatrix/playground-test/src/Feature/Http/Controllers/Resource/Playground/RestoreJsonTrait.php" line="33" class="Tests\Feature\Playground\Directory\Resource\Http\Controllers\Playground\LocationRouteTest" classname="Tests.Feature.Playground.Directory.Resource.Http.Controllers.Playground.LocationRouteTest" assertions="3" time="0.206273"/>
        <testcase name="test_json_restore_as_admin_and_succeed" file="/app/vendor/gammamatrix/playground-test/src/Feature/Http/Controllers/Resource/Playground/RestoreJsonTrait.php" line="65" class="Tests\Feature\Playground\Directory\Resource\Http\Controllers\Playground\LocationRouteTest" classname="Tests.Feature.Playground.Directory.Resource.Http.Controllers.Playground.LocationRouteTest" assertions="96" time="0.237298"/>
        <testcase name="test_json_restore_as_admin_and_succeed_with_no_redirect" file="/app/vendor/gammamatrix/playground-test/src/Feature/Http/Controllers/Resource/Playground/RestoreJsonTrait.php" line="101" class="Tests\Feature\Playground\Directory\Resource\Http\Controllers\Playground\LocationRouteTest" classname="Tests.Feature.Playground.Directory.Resource.Http.Controllers.Playground.LocationRouteTest" assertions="96" time="0.231423"/>
        <testcase name="test_json_restore_as_user_and_get_denied" file="/app/vendor/gammamatrix/playground-test/src/Feature/Http/Controllers/Resource/Playground/RestoreJsonTrait.php" line="144" class="Tests\Feature\Playground\Directory\Resource\Http\Controllers\Playground\LocationRouteTest" classname="Tests.Feature.Playground.Directory.Resource.Http.Controllers.Playground.LocationRouteTest" assertions="3" time="0.217216"/>
        <testcase name="test_json_guest_cannot_restore_revision" file="/app/vendor/gammamatrix/playground-test/src/Feature/Http/Controllers/Resource/Playground/RestoreRevisionJsonTrait.php" line="44" class="Tests\Feature\Playground\Directory\Resource\Http\Controllers\Playground\LocationRouteTest" classname="Tests.Feature.Playground.Directory.Resource.Http.Controllers.Playground.LocationRouteTest" assertions="3" time="0.218998"/>
        <testcase name="test_json_restore_revision_as_admin_and_succeed" file="/app/vendor/gammamatrix/playground-test/src/Feature/Http/Controllers/Resource/Playground/RestoreRevisionJsonTrait.php" line="80" class="Tests\Feature\Playground\Directory\Resource\Http\Controllers\Playground\LocationRouteTest" classname="Tests.Feature.Playground.Directory.Resource.Http.Controllers.Playground.LocationRouteTest" assertions="96" time="0.345429"/>
        <testcase name="test_json_restore_revision_as_admin_and_succeed_without_redirect" file="/app/vendor/gammamatrix/playground-test/src/Feature/Http/Controllers/Resource/Playground/RestoreRevisionJsonTrait.php" line="120" class="Tests\Feature\Playground\Directory\Resource\Http\Controllers\Playground\LocationRouteTest" classname="Tests.Feature.Playground.Directory.Resource.Http.Controllers.Playground.LocationRouteTest" assertions="96" time="0.341507"/>
        <testcase name="test_json_restore_revision_as_user_and_get_denied" file="/app/vendor/gammamatrix/playground-test/src/Feature/Http/Controllers/Resource/Playground/RestoreRevisionJsonTrait.php" line="172" class="Tests\Feature\Playground\Directory\Resource\Http\Controllers\Playground\LocationRouteTest" classname="Tests.Feature.Playground.Directory.Resource.Http.Controllers.Playground.LocationRouteTest" assertions="3" time="0.232720"/>
        <testcase name="test_guest_cannot_restore_revision" file="/app/vendor/gammamatrix/playground-test/src/Feature/Http/Controllers/Resource/Playground/RestoreRevisionTrait.php" line="39" class="Tests\Feature\Playground\Directory\Resource\Http\Controllers\Playground\LocationRouteTest" classname="Tests.Feature.Playground.Directory.Resource.Http.Controllers.Playground.LocationRouteTest" assertions="3" time="0.223331"/>
        <testcase name="test_restore_revision_as_admin_and_succeed" file="/app/vendor/gammamatrix/playground-test/src/Feature/Http/Controllers/Resource/Playground/RestoreRevisionTrait.php" line="75" class="Tests\Feature\Playground\Directory\Resource\Http\Controllers\Playground\LocationRouteTest" classname="Tests.Feature.Playground.Directory.Resource.Http.Controllers.Playground.LocationRouteTest" assertions="4" time="0.313056"/>
        <testcase name="test_restore_revision_as_admin_and_succeed_with_redirect_to_index_with_only_trash" file="/app/vendor/gammamatrix/playground-test/src/Feature/Http/Controllers/Resource/Playground/RestoreRevisionTrait.php" line="115" class="Tests\Feature\Playground\Directory\Resource\Http\Controllers\Playground\LocationRouteTest" classname="Tests.Feature.Playground.Directory.Resource.Http.Controllers.Playground.LocationRouteTest" assertions="4" time="0.310937"/>
        <testcase name="test_restore_revision_as_user_and_get_denied" file="/app/vendor/gammamatrix/playground-test/src/Feature/Http/Controllers/Resource/Playground/RestoreRevisionTrait.php" line="165" class="Tests\Feature\Playground\Directory\Resource\Http\Controllers\Playground\LocationRouteTest" classname="Tests.Feature.Playground.Directory.Resource.Http.Controllers.Playground.LocationRouteTest" assertions="3" time="0.235911"/>
        <testcase name="test_guest_cannot_restore" file="/app/vendor/gammamatrix/playground-test/src/Feature/Http/Controllers/Resource/Playground/RestoreTrait.php" line="33" class="Tests\Feature\Playground\Directory\Resource\Http\Controllers\Playground\LocationRouteTest" classname="Tests.Feature.Playground.Directory.Resource.Http.Controllers.Playground.LocationRouteTest" assertions="3" time="0.211092"/>
        <testcase name="test_restore_as_admin_and_succeed" file="/app/vendor/gammamatrix/playground-test/src/Feature/Http/Controllers/Resource/Playground/RestoreTrait.php" line="65" class="Tests\Feature\Playground\Directory\Resource\Http\Controllers\Playground\LocationRouteTest" classname="Tests.Feature.Playground.Directory.Resource.Http.Controllers.Playground.LocationRouteTest" assertions="4" time="0.225492"/>
        <testcase name="test_restore_as_admin_and_succeed_with_redirect_to_index_with_only_trash" file="/app/vendor/gammamatrix/playground-test/src/Feature/Http/Controllers/Resource/Playground/RestoreTrait.php" line="101" class="Tests\Feature\Playground\Directory\Resource\Http\Controllers\Playground\LocationRouteTest" classname="Tests.Feature.Playground.Directory.Resource.Http.Controllers.Playground.LocationRouteTest" assertions="4" time="0.225566"/>
        <testcase name="test_restore_as_user_and_get_denied" file="/app/vendor/gammamatrix/playground-test/src/Feature/Http/Controllers/Resource/Playground/RestoreTrait.php" line="147" class="Tests\Feature\Playground\Directory\Resource\Http\Controllers\Playground\LocationRouteTest" classname="Tests.Feature.Playground.Directory.Resource.Http.Controllers.Playground.LocationRouteTest" assertions="3" time="0.229588"/>
        <testcase name="test_json_guest_cannot_render_revision_view" file="/app/vendor/gammamatrix/playground-test/src/Feature/Http/Controllers/Resource/Playground/RevisionJsonTrait.php" line="39" class="Tests\Feature\Playground\Directory\Resource\Http\Controllers\Playground\LocationRouteTest" classname="Tests.Feature.Playground.Directory.Resource.Http.Controllers.Playground.LocationRouteTest" assertions="2" time="0.224813"/>
        <testcase name="test_json_admin_can_get_revision_info" file="/app/vendor/gammamatrix/playground-test/src/Feature/Http/Controllers/Resource/Playground/RevisionJsonTrait.php" line="70" class="Tests\Feature\Playground\Directory\Resource\Http\Controllers\Playground\LocationRouteTest" classname="Tests.Feature.Playground.Directory.Resource.Http.Controllers.Playground.LocationRouteTest" assertions="95" time="0.246183"/>
        <testcase name="test_json_guest_cannot_get_revisions" file="/app/vendor/gammamatrix/playground-test/src/Feature/Http/Controllers/Resource/Playground/RevisionsJsonTrait.php" line="35" class="Tests\Feature\Playground\Directory\Resource\Http\Controllers\Playground\LocationRouteTest" classname="Tests.Feature.Playground.Directory.Resource.Http.Controllers.Playground.LocationRouteTest" assertions="2" time="0.224469"/>
        <testcase name="test_json_admin_can_get_revisions" file="/app/vendor/gammamatrix/playground-test/src/Feature/Http/Controllers/Resource/Playground/RevisionsJsonTrait.php" line="64" class="Tests\Feature\Playground\Directory\Resource\Http\Controllers\Playground\LocationRouteTest" classname="Tests.Feature.Playground.Directory.Resource.Http.Controllers.Playground.LocationRouteTest" assertions="2" time="0.252630"/>
        <testcase name="test_json_admin_can_get_revisions_with_filters" file="/app/vendor/gammamatrix/playground-test/src/Feature/Http/Controllers/Resource/Playground/RevisionsJsonTrait.php" line="105" class="Tests\Feature\Playground\Directory\Resource\Http\Controllers\Playground\LocationRouteTest" classname="Tests.Feature.Playground.Directory.Resource.Http.Controllers.Playground.LocationRouteTest" assertions="99" time="0.271624"/>
        <testcase name="test_guest_cannot_render_revisions_view" file="/app/vendor/gammamatrix/playground-test/src/Feature/Http/Controllers/Resource/Playground/RevisionsTrait.php" line="35" class="Tests\Feature\Playground\Directory\Resource\Http\Controllers\Playground\LocationRouteTest" classname="Tests.Feature.Playground.Directory.Resource.Http.Controllers.Playground.LocationRouteTest" assertions="2" time="0.245661"/>
        <testcase name="test_admin_can_render_revisions_view" file="/app/vendor/gammamatrix/playground-test/src/Feature/Http/Controllers/Resource/Playground/RevisionsTrait.php" line="64" class="Tests\Feature\Playground\Directory\Resource\Http\Controllers\Playground\LocationRouteTest" classname="Tests.Feature.Playground.Directory.Resource.Http.Controllers.Playground.LocationRouteTest" assertions="2" time="0.311876"/>
        <testcase name="test_admin_can_render_revisions_view_with_filters" file="/app/vendor/gammamatrix/playground-test/src/Feature/Http/Controllers/Resource/Playground/RevisionsTrait.php" line="105" class="Tests\Feature\Playground\Directory\Resource\Http\Controllers\Playground\LocationRouteTest" classname="Tests.Feature.Playground.Directory.Resource.Http.Controllers.Playground.LocationRouteTest" assertions="3" time="0.297539"/>
        <testcase name="test_guest_cannot_render_revision_view" file="/app/vendor/gammamatrix/playground-test/src/Feature/Http/Controllers/Resource/Playground/RevisionTrait.php" line="39" class="Tests\Feature\Playground\Directory\Resource\Http\Controllers\Playground\LocationRouteTest" classname="Tests.Feature.Playground.Directory.Resource.Http.Controllers.Playground.LocationRouteTest" assertions="2" time="0.244146"/>
        <testcase name="test_revision_view_rendered_by_admin" file="/app/vendor/gammamatrix/playground-test/src/Feature/Http/Controllers/Resource/Playground/RevisionTrait.php" line="70" class="Tests\Feature\Playground\Directory\Resource\Http\Controllers\Playground\LocationRouteTest" classname="Tests.Feature.Playground.Directory.Resource.Http.Controllers.Playground.LocationRouteTest" assertions="2" time="0.274688"/>
        <testcase name="test_json_guest_cannot_see_info" file="/app/vendor/gammamatrix/playground-test/src/Feature/Http/Controllers/Resource/Playground/ShowJsonTrait.php" line="30" class="Tests\Feature\Playground\Directory\Resource\Http\Controllers\Playground\LocationRouteTest" classname="Tests.Feature.Playground.Directory.Resource.Http.Controllers.Playground.LocationRouteTest" assertions="1" time="0.213729"/>
        <testcase name="test_json_show_info_for_admin" file="/app/vendor/gammamatrix/playground-test/src/Feature/Http/Controllers/Resource/Playground/ShowJsonTrait.php" line="50" class="Tests\Feature\Playground\Directory\Resource\Http\Controllers\Playground\LocationRouteTest" classname="Tests.Feature.Playground.Directory.Resource.Http.Controllers.Playground.LocationRouteTest" assertions="95" time="0.229902"/>
        <testcase name="test_guest_cannot_render_show_view" file="/app/vendor/gammamatrix/playground-test/src/Feature/Http/Controllers/Resource/Playground/ShowTrait.php" line="30" class="Tests\Feature\Playground\Directory\Resource\Http\Controllers\Playground\LocationRouteTest" classname="Tests.Feature.Playground.Directory.Resource.Http.Controllers.Playground.LocationRouteTest" assertions="1" time="0.213571"/>
        <testcase name="test_show_view_rendered_by_admin" file="/app/vendor/gammamatrix/playground-test/src/Feature/Http/Controllers/Resource/Playground/ShowTrait.php" line="50" class="Tests\Feature\Playground\Directory\Resource\Http\Controllers\Playground\LocationRouteTest" classname="Tests.Feature.Playground.Directory.Resource.Http.Controllers.Playground.LocationRouteTest" assertions="2" time="0.250278"/>
        <testcase name="test_json_guest_cannot_store" file="/app/vendor/gammamatrix/playground-test/src/Feature/Http/Controllers/Resource/Playground/StoreJsonTrait.php" line="44" class="Tests\Feature\Playground\Directory\Resource\Http\Controllers\Playground\LocationRouteTest" classname="Tests.Feature.Playground.Directory.Resource.Http.Controllers.Playground.LocationRouteTest" assertions="3" time="0.212129"/>
        <testcase name="test_json_store_as_admin_without_payload_and_fail_validation" file="/app/vendor/gammamatrix/playground-test/src/Feature/Http/Controllers/Resource/Playground/StoreJsonTrait.php" line="67" class="Tests\Feature\Playground\Directory\Resource\Http\Controllers\Playground\LocationRouteTest" classname="Tests.Feature.Playground.Directory.Resource.Http.Controllers.Playground.LocationRouteTest" assertions="5" time="0.224857"/>
        <testcase name="test_json_store_as_admin_and_succeed" file="/app/vendor/gammamatrix/playground-test/src/Feature/Http/Controllers/Resource/Playground/StoreJsonTrait.php" line="93" class="Tests\Feature\Playground\Directory\Resource\Http\Controllers\Playground\LocationRouteTest" classname="Tests.Feature.Playground.Directory.Resource.Http.Controllers.Playground.LocationRouteTest" assertions="3" time="0.277844"/>
        <testcase name="test_guest_cannot_store" file="/app/vendor/gammamatrix/playground-test/src/Feature/Http/Controllers/Resource/Playground/StoreTrait.php" line="39" class="Tests\Feature\Playground\Directory\Resource\Http\Controllers\Playground\LocationRouteTest" classname="Tests.Feature.Playground.Directory.Resource.Http.Controllers.Playground.LocationRouteTest" assertions="3" time="0.212465"/>
        <testcase name="test_store_as_admin_without_payload_and_fail_validation" file="/app/vendor/gammamatrix/playground-test/src/Feature/Http/Controllers/Resource/Playground/StoreTrait.php" line="62" class="Tests\Feature\Playground\Directory\Resource\Http\Controllers\Playground\LocationRouteTest" classname="Tests.Feature.Playground.Directory.Resource.Http.Controllers.Playground.LocationRouteTest" assertions="5" time="0.226701"/>
        <testcase name="test_store_as_admin_and_succeed" file="/app/vendor/gammamatrix/playground-test/src/Feature/Http/Controllers/Resource/Playground/StoreTrait.php" line="91" class="Tests\Feature\Playground\Directory\Resource\Http\Controllers\Playground\LocationRouteTest" classname="Tests.Feature.Playground.Directory.Resource.Http.Controllers.Playground.LocationRouteTest" assertions="4" time="0.253804"/>
        <testcase name="test_store_as_admin_and_succeed_with_return_url" file="/app/vendor/gammamatrix/playground-test/src/Feature/Http/Controllers/Resource/Playground/StoreTrait.php" line="136" class="Tests\Feature\Playground\Directory\Resource\Http\Controllers\Playground\LocationRouteTest" classname="Tests.Feature.Playground.Directory.Resource.Http.Controllers.Playground.LocationRouteTest" assertions="4" time="0.253913"/>
        <testcase name="test_json_guest_cannot_unlock" file="/app/vendor/gammamatrix/playground-test/src/Feature/Http/Controllers/Resource/Playground/UnlockJsonTrait.php" line="37" class="Tests\Feature\Playground\Directory\Resource\Http\Controllers\Playground\LocationRouteTest" classname="Tests.Feature.Playground.Directory.Resource.Http.Controllers.Playground.LocationRouteTest" assertions="3" time="0.221459"/>
        <testcase name="test_json_unlock_as_admin_and_succeed" file="/app/vendor/gammamatrix/playground-test/src/Feature/Http/Controllers/Resource/Playground/UnlockJsonTrait.php" line="69" class="Tests\Feature\Playground\Directory\Resource\Http\Controllers\Playground\LocationRouteTest" classname="Tests.Feature.Playground.Directory.Resource.Http.Controllers.Playground.LocationRouteTest" assertions="96" time="0.236797"/>
        <testcase name="test_json_unlock_as_admin_and_succeed_with_no_redirect" file="/app/vendor/gammamatrix/playground-test/src/Feature/Http/Controllers/Resource/Playground/UnlockJsonTrait.php" line="105" class="Tests\Feature\Playground\Directory\Resource\Http\Controllers\Playground\LocationRouteTest" classname="Tests.Feature.Playground.Directory.Resource.Http.Controllers.Playground.LocationRouteTest" assertions="96" time="0.238786"/>
        <testcase name="test_json_unlock_as_user_and_get_denied" file="/app/vendor/gammamatrix/playground-test/src/Feature/Http/Controllers/Resource/Playground/UnlockJsonTrait.php" line="146" class="Tests\Feature\Playground\Directory\Resource\Http\Controllers\Playground\LocationRouteTest" classname="Tests.Feature.Playground.Directory.Resource.Http.Controllers.Playground.LocationRouteTest" assertions="3" time="0.229078"/>
        <testcase name="test_guest_cannot_unlock" file="/app/vendor/gammamatrix/playground-test/src/Feature/Http/Controllers/Resource/Playground/UnlockTrait.php" line="37" class="Tests\Feature\Playground\Directory\Resource\Http\Controllers\Playground\LocationRouteTest" classname="Tests.Feature.Playground.Directory.Resource.Http.Controllers.Playground.LocationRouteTest" assertions="3" time="0.217857"/>
        <testcase name="test_unlock_as_admin_and_succeed" file="/app/vendor/gammamatrix/playground-test/src/Feature/Http/Controllers/Resource/Playground/UnlockTrait.php" line="69" class="Tests\Feature\Playground\Directory\Resource\Http\Controllers\Playground\LocationRouteTest" classname="Tests.Feature.Playground.Directory.Resource.Http.Controllers.Playground.LocationRouteTest" assertions="4" time="0.233476"/>
        <testcase name="test_unlock_as_admin_and_succeed_with_redirect_to_index_with_sorted_by_unlocked_desc" file="/app/vendor/gammamatrix/playground-test/src/Feature/Http/Controllers/Resource/Playground/UnlockTrait.php" line="110" class="Tests\Feature\Playground\Directory\Resource\Http\Controllers\Playground\LocationRouteTest" classname="Tests.Feature.Playground.Directory.Resource.Http.Controllers.Playground.LocationRouteTest" assertions="4" time="0.235972"/>
        <testcase name="test_unlock_as_user_and_get_denied" file="/app/vendor/gammamatrix/playground-test/src/Feature/Http/Controllers/Resource/Playground/UnlockTrait.php" line="149" class="Tests\Feature\Playground\Directory\Resource\Http\Controllers\Playground\LocationRouteTest" classname="Tests.Feature.Playground.Directory.Resource.Http.Controllers.Playground.LocationRouteTest" assertions="3" time="0.230763"/>
        <testcase name="test_json_guest_cannot_update" file="/app/vendor/gammamatrix/playground-test/src/Feature/Http/Controllers/Resource/Playground/UpdateJsonTrait.php" line="46" class="Tests\Feature\Playground\Directory\Resource\Http\Controllers\Playground\LocationRouteTest" classname="Tests.Feature.Playground.Directory.Resource.Http.Controllers.Playground.LocationRouteTest" assertions="1" time="0.218204"/>
        <testcase name="test_json_update_as_admin_without_payload_and_passes_validation" file="/app/vendor/gammamatrix/playground-test/src/Feature/Http/Controllers/Resource/Playground/UpdateJsonTrait.php" line="66" class="Tests\Feature\Playground\Directory\Resource\Http\Controllers\Playground\LocationRouteTest" classname="Tests.Feature.Playground.Directory.Resource.Http.Controllers.Playground.LocationRouteTest" assertions="2" time="0.282470"/>
        <testcase name="test_json_admin_can_update" file="/app/vendor/gammamatrix/playground-test/src/Feature/Http/Controllers/Resource/Playground/UpdateJsonTrait.php" line="114" class="Tests\Feature\Playground\Directory\Resource\Http\Controllers\Playground\LocationRouteTest" classname="Tests.Feature.Playground.Directory.Resource.Http.Controllers.Playground.LocationRouteTest" assertions="98" time="0.309641"/>
        <testcase name="test_guest_cannot_update" file="/app/vendor/gammamatrix/playground-test/src/Feature/Http/Controllers/Resource/Playground/UpdateTrait.php" line="46" class="Tests\Feature\Playground\Directory\Resource\Http\Controllers\Playground\LocationRouteTest" classname="Tests.Feature.Playground.Directory.Resource.Http.Controllers.Playground.LocationRouteTest" assertions="1" time="0.222145"/>
        <testcase name="test_update_as_admin_without_payload_and_passes_validation" file="/app/vendor/gammamatrix/playground-test/src/Feature/Http/Controllers/Resource/Playground/UpdateTrait.php" line="66" class="Tests\Feature\Playground\Directory\Resource\Http\Controllers\Playground\LocationRouteTest" classname="Tests.Feature.Playground.Directory.Resource.Http.Controllers.Playground.LocationRouteTest" assertions="3" time="0.267597"/>
        <testcase name="test_admin_can_update" file="/app/vendor/gammamatrix/playground-test/src/Feature/Http/Controllers/Resource/Playground/UpdateTrait.php" line="117" class="Tests\Feature\Playground\Directory\Resource\Http\Controllers\Playground\LocationRouteTest" classname="Tests.Feature.Playground.Directory.Resource.Http.Controllers.Playground.LocationRouteTest" assertions="6" time="0.306681"/>
        <testcase name="test_admin_can_update_view_with_return_url" file="/app/vendor/gammamatrix/playground-test/src/Feature/Http/Controllers/Resource/Playground/UpdateTrait.php" line="160" class="Tests\Feature\Playground\Directory\Resource\Http\Controllers\Playground\LocationRouteTest" classname="Tests.Feature.Playground.Directory.Resource.Http.Controllers.Playground.LocationRouteTest" assertions="6" time="0.308492"/>
      </testsuite>
      <testsuite name="Tests\Feature\Playground\Directory\Resource\Http\Controllers\Playground\SublocationRouteTest" file="/app/tests/Feature/Http/Controllers/Playground/SublocationRouteTest.php" tests="91" assertions="1504" errors="0" failures="0" skipped="0" time="21.198174">
        <testcase name="test_json_guest_cannot_get_create_info" file="/app/vendor/gammamatrix/playground-test/src/Feature/Http/Controllers/Resource/Playground/CreateJsonTrait.php" line="39" class="Tests\Feature\Playground\Directory\Resource\Http\Controllers\Playground\SublocationRouteTest" classname="Tests.Feature.Playground.Directory.Resource.Http.Controllers.Playground.SublocationRouteTest" assertions="1" time="0.187722"/>
        <testcase name="test_json_admin_can_get_create_info" file="/app/vendor/gammamatrix/playground-test/src/Feature/Http/Controllers/Resource/Playground/CreateJsonTrait.php" line="54" class="Tests\Feature\Playground\Directory\Resource\Http\Controllers\Playground\SublocationRouteTest" classname="Tests.Feature.Playground.Directory.Resource.Http.Controllers.Playground.SublocationRouteTest" assertions="95" time="0.212215"/>
        <testcase name="test_json_get_create_info_as_admin_with_invalid_parameter_and_fail_validation" file="/app/vendor/gammamatrix/playground-test/src/Feature/Http/Controllers/Resource/Playground/CreateJsonTrait.php" line="74" class="Tests\Feature\Playground\Directory\Resource\Http\Controllers\Playground\SublocationRouteTest" classname="Tests.Feature.Playground.Directory.Resource.Http.Controllers.Playground.SublocationRouteTest" assertions="4" time="0.203002"/>
        <testcase name="test_guest_cannot_render_create_view" file="/app/vendor/gammamatrix/playground-test/src/Feature/Http/Controllers/Resource/Playground/CreateTrait.php" line="34" class="Tests\Feature\Playground\Directory\Resource\Http\Controllers\Playground\SublocationRouteTest" classname="Tests.Feature.Playground.Directory.Resource.Http.Controllers.Playground.SublocationRouteTest" assertions="1" time="0.186360"/>
        <testcase name="test_admin_can_render_create_view" file="/app/vendor/gammamatrix/playground-test/src/Feature/Http/Controllers/Resource/Playground/CreateTrait.php" line="48" class="Tests\Feature\Playground\Directory\Resource\Http\Controllers\Playground\SublocationRouteTest" classname="Tests.Feature.Playground.Directory.Resource.Http.Controllers.Playground.SublocationRouteTest" assertions="2" time="0.239025"/>
        <testcase name="test_admin_can_render_create_view_with_return_url" file="/app/vendor/gammamatrix/playground-test/src/Feature/Http/Controllers/Resource/Playground/CreateTrait.php" line="66" class="Tests\Feature\Playground\Directory\Resource\Http\Controllers\Playground\SublocationRouteTest" classname="Tests.Feature.Playground.Directory.Resource.Http.Controllers.Playground.SublocationRouteTest" assertions="3" time="0.235639"/>
        <testcase name="test_create_view_as_admin_with_invalid_parameter_and_fail_validation_and_redirect" file="/app/vendor/gammamatrix/playground-test/src/Feature/Http/Controllers/Resource/Playground/CreateTrait.php" line="90" class="Tests\Feature\Playground\Directory\Resource\Http\Controllers\Playground\SublocationRouteTest" classname="Tests.Feature.Playground.Directory.Resource.Http.Controllers.Playground.SublocationRouteTest" assertions="5" time="0.204867"/>
        <testcase name="test_json_guest_cannot_destroy" file="/app/vendor/gammamatrix/playground-test/src/Feature/Http/Controllers/Resource/Playground/DestroyJsonTrait.php" line="32" class="Tests\Feature\Playground\Directory\Resource\Http\Controllers\Playground\SublocationRouteTest" classname="Tests.Feature.Playground.Directory.Resource.Http.Controllers.Playground.SublocationRouteTest" assertions="3" time="0.199636"/>
        <testcase name="test_json_destroy_as_admin_and_succeed" file="/app/vendor/gammamatrix/playground-test/src/Feature/Http/Controllers/Resource/Playground/DestroyJsonTrait.php" line="62" class="Tests\Feature\Playground\Directory\Resource\Http\Controllers\Playground\SublocationRouteTest" classname="Tests.Feature.Playground.Directory.Resource.Http.Controllers.Playground.SublocationRouteTest" assertions="5" time="0.212985"/>
        <testcase name="test_json_destroy_as_admin_and_succeed_with_force_delete" file="/app/vendor/gammamatrix/playground-test/src/Feature/Http/Controllers/Resource/Playground/DestroyJsonTrait.php" line="101" class="Tests\Feature\Playground\Directory\Resource\Http\Controllers\Playground\SublocationRouteTest" classname="Tests.Feature.Playground.Directory.Resource.Http.Controllers.Playground.SublocationRouteTest" assertions="4" time="0.215872"/>
        <testcase name="test_json_destroy_as_admin_and_succeed_with_no_content" file="/app/vendor/gammamatrix/playground-test/src/Feature/Http/Controllers/Resource/Playground/DestroyJsonTrait.php" line="133" class="Tests\Feature\Playground\Directory\Resource\Http\Controllers\Playground\SublocationRouteTest" classname="Tests.Feature.Playground.Directory.Resource.Http.Controllers.Playground.SublocationRouteTest" assertions="5" time="0.213715"/>
        <testcase name="test_json_destroy_as_admin_and_succeed_and_ignore_redirect" file="/app/vendor/gammamatrix/playground-test/src/Feature/Http/Controllers/Resource/Playground/DestroyJsonTrait.php" line="168" class="Tests\Feature\Playground\Directory\Resource\Http\Controllers\Playground\SublocationRouteTest" classname="Tests.Feature.Playground.Directory.Resource.Http.Controllers.Playground.SublocationRouteTest" assertions="5" time="0.215813"/>
        <testcase name="test_json_destroy_as_user_and_get_denied_and_no_force_delete_allowed" file="/app/vendor/gammamatrix/playground-test/src/Feature/Http/Controllers/Resource/Playground/DestroyJsonTrait.php" line="210" class="Tests\Feature\Playground\Directory\Resource\Http\Controllers\Playground\SublocationRouteTest" classname="Tests.Feature.Playground.Directory.Resource.Http.Controllers.Playground.SublocationRouteTest" assertions="3" time="0.210845"/>
        <testcase name="test_guest_cannot_destroy" file="/app/vendor/gammamatrix/playground-test/src/Feature/Http/Controllers/Resource/Playground/DestroyTrait.php" line="32" class="Tests\Feature\Playground\Directory\Resource\Http\Controllers\Playground\SublocationRouteTest" classname="Tests.Feature.Playground.Directory.Resource.Http.Controllers.Playground.SublocationRouteTest" assertions="3" time="0.203674"/>
        <testcase name="test_destroy_as_admin_and_succeed" file="/app/vendor/gammamatrix/playground-test/src/Feature/Http/Controllers/Resource/Playground/DestroyTrait.php" line="62" class="Tests\Feature\Playground\Directory\Resource\Http\Controllers\Playground\SublocationRouteTest" classname="Tests.Feature.Playground.Directory.Resource.Http.Controllers.Playground.SublocationRouteTest" assertions="5" time="0.214016"/>
        <testcase name="test_destroy_as_admin_and_succeed_with_force_delete" file="/app/vendor/gammamatrix/playground-test/src/Feature/Http/Controllers/Resource/Playground/DestroyTrait.php" line="98" class="Tests\Feature\Playground\Directory\Resource\Http\Controllers\Playground\SublocationRouteTest" classname="Tests.Feature.Playground.Directory.Resource.Http.Controllers.Playground.SublocationRouteTest" assertions="4" time="0.217734"/>
        <testcase name="test_destroy_as_admin_and_succeed_with_redirect_to_index_with_trash" file="/app/vendor/gammamatrix/playground-test/src/Feature/Http/Controllers/Resource/Playground/DestroyTrait.php" line="130" class="Tests\Feature\Playground\Directory\Resource\Http\Controllers\Playground\SublocationRouteTest" classname="Tests.Feature.Playground.Directory.Resource.Http.Controllers.Playground.SublocationRouteTest" assertions="5" time="0.214700"/>
        <testcase name="test_destroy_as_user_and_get_denied_and_no_force_delete_allowed" file="/app/vendor/gammamatrix/playground-test/src/Feature/Http/Controllers/Resource/Playground/DestroyTrait.php" line="172" class="Tests\Feature\Playground\Directory\Resource\Http\Controllers\Playground\SublocationRouteTest" classname="Tests.Feature.Playground.Directory.Resource.Http.Controllers.Playground.SublocationRouteTest" assertions="3" time="0.212724"/>
        <testcase name="test_json_guest_cannot_get_edit_info" file="/app/vendor/gammamatrix/playground-test/src/Feature/Http/Controllers/Resource/Playground/EditJsonTrait.php" line="39" class="Tests\Feature\Playground\Directory\Resource\Http\Controllers\Playground\SublocationRouteTest" classname="Tests.Feature.Playground.Directory.Resource.Http.Controllers.Playground.SublocationRouteTest" assertions="1" time="0.206263"/>
        <testcase name="test_json_admin_can_get_edit_info" file="/app/vendor/gammamatrix/playground-test/src/Feature/Http/Controllers/Resource/Playground/EditJsonTrait.php" line="59" class="Tests\Feature\Playground\Directory\Resource\Http\Controllers\Playground\SublocationRouteTest" classname="Tests.Feature.Playground.Directory.Resource.Http.Controllers.Playground.SublocationRouteTest" assertions="4" time="0.228186"/>
        <testcase name="test_json_edit_as_admin_and_fail_validation_with_invalid_parameter" file="/app/vendor/gammamatrix/playground-test/src/Feature/Http/Controllers/Resource/Playground/EditJsonTrait.php" line="88" class="Tests\Feature\Playground\Directory\Resource\Http\Controllers\Playground\SublocationRouteTest" classname="Tests.Feature.Playground.Directory.Resource.Http.Controllers.Playground.SublocationRouteTest" assertions="4" time="0.220478"/>
        <testcase name="test_guest_cannot_render_edit_view" file="/app/vendor/gammamatrix/playground-test/src/Feature/Http/Controllers/Resource/Playground/EditTrait.php" line="34" class="Tests\Feature\Playground\Directory\Resource\Http\Controllers\Playground\SublocationRouteTest" classname="Tests.Feature.Playground.Directory.Resource.Http.Controllers.Playground.SublocationRouteTest" assertions="1" time="0.203780"/>
        <testcase name="test_admin_can_render_edit_view" file="/app/vendor/gammamatrix/playground-test/src/Feature/Http/Controllers/Resource/Playground/EditTrait.php" line="54" class="Tests\Feature\Playground\Directory\Resource\Http\Controllers\Playground\SublocationRouteTest" classname="Tests.Feature.Playground.Directory.Resource.Http.Controllers.Playground.SublocationRouteTest" assertions="2" time="0.255983"/>
        <testcase name="test_admin_can_render_edit_view_with_return_url" file="/app/vendor/gammamatrix/playground-test/src/Feature/Http/Controllers/Resource/Playground/EditTrait.php" line="78" class="Tests\Feature\Playground\Directory\Resource\Http\Controllers\Playground\SublocationRouteTest" classname="Tests.Feature.Playground.Directory.Resource.Http.Controllers.Playground.SublocationRouteTest" assertions="3" time="0.256029"/>
        <testcase name="test_edit_view_as_admin_with_invalid_parameter_and_fail_validation_and_redirect" file="/app/vendor/gammamatrix/playground-test/src/Feature/Http/Controllers/Resource/Playground/EditTrait.php" line="107" class="Tests\Feature\Playground\Directory\Resource\Http\Controllers\Playground\SublocationRouteTest" classname="Tests.Feature.Playground.Directory.Resource.Http.Controllers.Playground.SublocationRouteTest" assertions="4" time="0.221086"/>
        <testcase name="test_json_guest_cannot_get_index" file="/app/vendor/gammamatrix/playground-test/src/Feature/Http/Controllers/Resource/Playground/IndexJsonTrait.php" line="35" class="Tests\Feature\Playground\Directory\Resource\Http\Controllers\Playground\SublocationRouteTest" classname="Tests.Feature.Playground.Directory.Resource.Http.Controllers.Playground.SublocationRouteTest" assertions="1" time="0.202513"/>
        <testcase name="test_json_admin_can_get_index" file="/app/vendor/gammamatrix/playground-test/src/Feature/Http/Controllers/Resource/Playground/IndexJsonTrait.php" line="50" class="Tests\Feature\Playground\Directory\Resource\Http\Controllers\Playground\SublocationRouteTest" classname="Tests.Feature.Playground.Directory.Resource.Http.Controllers.Playground.SublocationRouteTest" assertions="99" time="0.232238"/>
        <testcase name="test_json_admin_can_get_index_with_filters" file="/app/vendor/gammamatrix/playground-test/src/Feature/Http/Controllers/Resource/Playground/IndexJsonTrait.php" line="86" class="Tests\Feature\Playground\Directory\Resource\Http\Controllers\Playground\SublocationRouteTest" classname="Tests.Feature.Playground.Directory.Resource.Http.Controllers.Playground.SublocationRouteTest" assertions="3" time="0.232025"/>
        <testcase name="test_guest_cannot_render_index_view" file="/app/vendor/gammamatrix/playground-test/src/Feature/Http/Controllers/Resource/Playground/IndexTrait.php" line="30" class="Tests\Feature\Playground\Directory\Resource\Http\Controllers\Playground\SublocationRouteTest" classname="Tests.Feature.Playground.Directory.Resource.Http.Controllers.Playground.SublocationRouteTest" assertions="1" time="0.204370"/>
        <testcase name="test_admin_can_render_index_view" file="/app/vendor/gammamatrix/playground-test/src/Feature/Http/Controllers/Resource/Playground/IndexTrait.php" line="45" class="Tests\Feature\Playground\Directory\Resource\Http\Controllers\Playground\SublocationRouteTest" classname="Tests.Feature.Playground.Directory.Resource.Http.Controllers.Playground.SublocationRouteTest" assertions="2" time="0.254658"/>
        <testcase name="test_admin_can_render_index_view_with_filters" file="/app/vendor/gammamatrix/playground-test/src/Feature/Http/Controllers/Resource/Playground/IndexTrait.php" line="78" class="Tests\Feature\Playground\Directory\Resource\Http\Controllers\Playground\SublocationRouteTest" classname="Tests.Feature.Playground.Directory.Resource.Http.Controllers.Playground.SublocationRouteTest" assertions="3" time="0.253062"/>
        <testcase name="test_json_guest_cannot_lock" file="/app/vendor/gammamatrix/playground-test/src/Feature/Http/Controllers/Resource/Playground/LockJsonTrait.php" line="37" class="Tests\Feature\Playground\Directory\Resource\Http\Controllers\Playground\SublocationRouteTest" classname="Tests.Feature.Playground.Directory.Resource.Http.Controllers.Playground.SublocationRouteTest" assertions="3" time="0.206391"/>
        <testcase name="test_json_lock_as_admin_and_succeed" file="/app/vendor/gammamatrix/playground-test/src/Feature/Http/Controllers/Resource/Playground/LockJsonTrait.php" line="67" class="Tests\Feature\Playground\Directory\Resource\Http\Controllers\Playground\SublocationRouteTest" classname="Tests.Feature.Playground.Directory.Resource.Http.Controllers.Playground.SublocationRouteTest" assertions="3" time="0.226971"/>
        <testcase name="test_json_lock_as_admin_and_succeed_with_no_redirect" file="/app/vendor/gammamatrix/playground-test/src/Feature/Http/Controllers/Resource/Playground/LockJsonTrait.php" line="99" class="Tests\Feature\Playground\Directory\Resource\Http\Controllers\Playground\SublocationRouteTest" classname="Tests.Feature.Playground.Directory.Resource.Http.Controllers.Playground.SublocationRouteTest" assertions="97" time="0.227252"/>
        <testcase name="test_json_lock_as_user_and_get_denied" file="/app/vendor/gammamatrix/playground-test/src/Feature/Http/Controllers/Resource/Playground/LockJsonTrait.php" line="144" class="Tests\Feature\Playground\Directory\Resource\Http\Controllers\Playground\SublocationRouteTest" classname="Tests.Feature.Playground.Directory.Resource.Http.Controllers.Playground.SublocationRouteTest" assertions="3" time="0.220828"/>
        <testcase name="test_guest_cannot_lock" file="/app/vendor/gammamatrix/playground-test/src/Feature/Http/Controllers/Resource/Playground/LockTrait.php" line="32" class="Tests\Feature\Playground\Directory\Resource\Http\Controllers\Playground\SublocationRouteTest" classname="Tests.Feature.Playground.Directory.Resource.Http.Controllers.Playground.SublocationRouteTest" assertions="3" time="0.207694"/>
        <testcase name="test_lock_as_admin_and_succeed" file="/app/vendor/gammamatrix/playground-test/src/Feature/Http/Controllers/Resource/Playground/LockTrait.php" line="62" class="Tests\Feature\Playground\Directory\Resource\Http\Controllers\Playground\SublocationRouteTest" classname="Tests.Feature.Playground.Directory.Resource.Http.Controllers.Playground.SublocationRouteTest" assertions="4" time="0.223657"/>
        <testcase name="test_lock_as_admin_and_succeed_with_redirect_to_index_with_sorted_by_locked_desc" file="/app/vendor/gammamatrix/playground-test/src/Feature/Http/Controllers/Resource/Playground/LockTrait.php" line="96" class="Tests\Feature\Playground\Directory\Resource\Http\Controllers\Playground\SublocationRouteTest" classname="Tests.Feature.Playground.Directory.Resource.Http.Controllers.Playground.SublocationRouteTest" assertions="4" time="0.224017"/>
        <testcase name="test_lock_as_user_and_get_denied" file="/app/vendor/gammamatrix/playground-test/src/Feature/Http/Controllers/Resource/Playground/LockTrait.php" line="133" class="Tests\Feature\Playground\Directory\Resource\Http\Controllers\Playground\SublocationRouteTest" classname="Tests.Feature.Playground.Directory.Resource.Http.Controllers.Playground.SublocationRouteTest" assertions="3" time="0.219235"/>
        <testcase name="test_json_guest_cannot_restore" file="/app/vendor/gammamatrix/playground-test/src/Feature/Http/Controllers/Resource/Playground/RestoreJsonTrait.php" line="33" class="Tests\Feature\Playground\Directory\Resource\Http\Controllers\Playground\SublocationRouteTest" classname="Tests.Feature.Playground.Directory.Resource.Http.Controllers.Playground.SublocationRouteTest" assertions="3" time="0.207619"/>
        <testcase name="test_json_restore_as_admin_and_succeed" file="/app/vendor/gammamatrix/playground-test/src/Feature/Http/Controllers/Resource/Playground/RestoreJsonTrait.php" line="65" class="Tests\Feature\Playground\Directory\Resource\Http\Controllers\Playground\SublocationRouteTest" classname="Tests.Feature.Playground.Directory.Resource.Http.Controllers.Playground.SublocationRouteTest" assertions="97" time="0.229037"/>
        <testcase name="test_json_restore_as_admin_and_succeed_with_no_redirect" file="/app/vendor/gammamatrix/playground-test/src/Feature/Http/Controllers/Resource/Playground/RestoreJsonTrait.php" line="101" class="Tests\Feature\Playground\Directory\Resource\Http\Controllers\Playground\SublocationRouteTest" classname="Tests.Feature.Playground.Directory.Resource.Http.Controllers.Playground.SublocationRouteTest" assertions="97" time="0.227862"/>
        <testcase name="test_json_restore_as_user_and_get_denied" file="/app/vendor/gammamatrix/playground-test/src/Feature/Http/Controllers/Resource/Playground/RestoreJsonTrait.php" line="144" class="Tests\Feature\Playground\Directory\Resource\Http\Controllers\Playground\SublocationRouteTest" classname="Tests.Feature.Playground.Directory.Resource.Http.Controllers.Playground.SublocationRouteTest" assertions="3" time="0.224584"/>
        <testcase name="test_json_guest_cannot_restore_revision" file="/app/vendor/gammamatrix/playground-test/src/Feature/Http/Controllers/Resource/Playground/RestoreRevisionJsonTrait.php" line="44" class="Tests\Feature\Playground\Directory\Resource\Http\Controllers\Playground\SublocationRouteTest" classname="Tests.Feature.Playground.Directory.Resource.Http.Controllers.Playground.SublocationRouteTest" assertions="3" time="0.219192"/>
        <testcase name="test_json_restore_revision_as_admin_and_succeed" file="/app/vendor/gammamatrix/playground-test/src/Feature/Http/Controllers/Resource/Playground/RestoreRevisionJsonTrait.php" line="80" class="Tests\Feature\Playground\Directory\Resource\Http\Controllers\Playground\SublocationRouteTest" classname="Tests.Feature.Playground.Directory.Resource.Http.Controllers.Playground.SublocationRouteTest" assertions="97" time="0.305923"/>
        <testcase name="test_json_restore_revision_as_admin_and_succeed_without_redirect" file="/app/vendor/gammamatrix/playground-test/src/Feature/Http/Controllers/Resource/Playground/RestoreRevisionJsonTrait.php" line="120" class="Tests\Feature\Playground\Directory\Resource\Http\Controllers\Playground\SublocationRouteTest" classname="Tests.Feature.Playground.Directory.Resource.Http.Controllers.Playground.SublocationRouteTest" assertions="97" time="0.343614"/>
        <testcase name="test_json_restore_revision_as_user_and_get_denied" file="/app/vendor/gammamatrix/playground-test/src/Feature/Http/Controllers/Resource/Playground/RestoreRevisionJsonTrait.php" line="172" class="Tests\Feature\Playground\Directory\Resource\Http\Controllers\Playground\SublocationRouteTest" classname="Tests.Feature.Playground.Directory.Resource.Http.Controllers.Playground.SublocationRouteTest" assertions="3" time="0.230097"/>
        <testcase name="test_guest_cannot_restore_revision" file="/app/vendor/gammamatrix/playground-test/src/Feature/Http/Controllers/Resource/Playground/RestoreRevisionTrait.php" line="39" class="Tests\Feature\Playground\Directory\Resource\Http\Controllers\Playground\SublocationRouteTest" classname="Tests.Feature.Playground.Directory.Resource.Http.Controllers.Playground.SublocationRouteTest" assertions="3" time="0.219945"/>
        <testcase name="test_restore_revision_as_admin_and_succeed" file="/app/vendor/gammamatrix/playground-test/src/Feature/Http/Controllers/Resource/Playground/RestoreRevisionTrait.php" line="75" class="Tests\Feature\Playground\Directory\Resource\Http\Controllers\Playground\SublocationRouteTest" classname="Tests.Feature.Playground.Directory.Resource.Http.Controllers.Playground.SublocationRouteTest" assertions="4" time="0.290968"/>
        <testcase name="test_restore_revision_as_admin_and_succeed_with_redirect_to_index_with_only_trash" file="/app/vendor/gammamatrix/playground-test/src/Feature/Http/Controllers/Resource/Playground/RestoreRevisionTrait.php" line="115" class="Tests\Feature\Playground\Directory\Resource\Http\Controllers\Playground\SublocationRouteTest" classname="Tests.Feature.Playground.Directory.Resource.Http.Controllers.Playground.SublocationRouteTest" assertions="4" time="0.292532"/>
        <testcase name="test_restore_revision_as_user_and_get_denied" file="/app/vendor/gammamatrix/playground-test/src/Feature/Http/Controllers/Resource/Playground/RestoreRevisionTrait.php" line="165" class="Tests\Feature\Playground\Directory\Resource\Http\Controllers\Playground\SublocationRouteTest" classname="Tests.Feature.Playground.Directory.Resource.Http.Controllers.Playground.SublocationRouteTest" assertions="3" time="0.232744"/>
        <testcase name="test_guest_cannot_restore" file="/app/vendor/gammamatrix/playground-test/src/Feature/Http/Controllers/Resource/Playground/RestoreTrait.php" line="33" class="Tests\Feature\Playground\Directory\Resource\Http\Controllers\Playground\SublocationRouteTest" classname="Tests.Feature.Playground.Directory.Resource.Http.Controllers.Playground.SublocationRouteTest" assertions="3" time="0.215368"/>
        <testcase name="test_restore_as_admin_and_succeed" file="/app/vendor/gammamatrix/playground-test/src/Feature/Http/Controllers/Resource/Playground/RestoreTrait.php" line="65" class="Tests\Feature\Playground\Directory\Resource\Http\Controllers\Playground\SublocationRouteTest" classname="Tests.Feature.Playground.Directory.Resource.Http.Controllers.Playground.SublocationRouteTest" assertions="4" time="0.226316"/>
        <testcase name="test_restore_as_admin_and_succeed_with_redirect_to_index_with_only_trash" file="/app/vendor/gammamatrix/playground-test/src/Feature/Http/Controllers/Resource/Playground/RestoreTrait.php" line="101" class="Tests\Feature\Playground\Directory\Resource\Http\Controllers\Playground\SublocationRouteTest" classname="Tests.Feature.Playground.Directory.Resource.Http.Controllers.Playground.SublocationRouteTest" assertions="4" time="0.225656"/>
        <testcase name="test_restore_as_user_and_get_denied" file="/app/vendor/gammamatrix/playground-test/src/Feature/Http/Controllers/Resource/Playground/RestoreTrait.php" line="147" class="Tests\Feature\Playground\Directory\Resource\Http\Controllers\Playground\SublocationRouteTest" classname="Tests.Feature.Playground.Directory.Resource.Http.Controllers.Playground.SublocationRouteTest" assertions="3" time="0.223117"/>
        <testcase name="test_json_guest_cannot_render_revision_view" file="/app/vendor/gammamatrix/playground-test/src/Feature/Http/Controllers/Resource/Playground/RevisionJsonTrait.php" line="39" class="Tests\Feature\Playground\Directory\Resource\Http\Controllers\Playground\SublocationRouteTest" classname="Tests.Feature.Playground.Directory.Resource.Http.Controllers.Playground.SublocationRouteTest" assertions="2" time="0.222827"/>
        <testcase name="test_json_admin_can_get_revision_info" file="/app/vendor/gammamatrix/playground-test/src/Feature/Http/Controllers/Resource/Playground/RevisionJsonTrait.php" line="70" class="Tests\Feature\Playground\Directory\Resource\Http\Controllers\Playground\SublocationRouteTest" classname="Tests.Feature.Playground.Directory.Resource.Http.Controllers.Playground.SublocationRouteTest" assertions="96" time="0.239568"/>
        <testcase name="test_json_guest_cannot_get_revisions" file="/app/vendor/gammamatrix/playground-test/src/Feature/Http/Controllers/Resource/Playground/RevisionsJsonTrait.php" line="35" class="Tests\Feature\Playground\Directory\Resource\Http\Controllers\Playground\SublocationRouteTest" classname="Tests.Feature.Playground.Directory.Resource.Http.Controllers.Playground.SublocationRouteTest" assertions="2" time="0.223411"/>
        <testcase name="test_json_admin_can_get_revisions" file="/app/vendor/gammamatrix/playground-test/src/Feature/Http/Controllers/Resource/Playground/RevisionsJsonTrait.php" line="64" class="Tests\Feature\Playground\Directory\Resource\Http\Controllers\Playground\SublocationRouteTest" classname="Tests.Feature.Playground.Directory.Resource.Http.Controllers.Playground.SublocationRouteTest" assertions="2" time="0.245182"/>
        <testcase name="test_json_admin_can_get_revisions_with_filters" file="/app/vendor/gammamatrix/playground-test/src/Feature/Http/Controllers/Resource/Playground/RevisionsJsonTrait.php" line="105" class="Tests\Feature\Playground\Directory\Resource\Http\Controllers\Playground\SublocationRouteTest" classname="Tests.Feature.Playground.Directory.Resource.Http.Controllers.Playground.SublocationRouteTest" assertions="100" time="0.255372"/>
        <testcase name="test_guest_cannot_render_revisions_view" file="/app/vendor/gammamatrix/playground-test/src/Feature/Http/Controllers/Resource/Playground/RevisionsTrait.php" line="35" class="Tests\Feature\Playground\Directory\Resource\Http\Controllers\Playground\SublocationRouteTest" classname="Tests.Feature.Playground.Directory.Resource.Http.Controllers.Playground.SublocationRouteTest" assertions="2" time="0.227656"/>
        <testcase name="test_admin_can_render_revisions_view" file="/app/vendor/gammamatrix/playground-test/src/Feature/Http/Controllers/Resource/Playground/RevisionsTrait.php" line="64" class="Tests\Feature\Playground\Directory\Resource\Http\Controllers\Playground\SublocationRouteTest" classname="Tests.Feature.Playground.Directory.Resource.Http.Controllers.Playground.SublocationRouteTest" assertions="2" time="0.272976"/>
        <testcase name="test_admin_can_render_revisions_view_with_filters" file="/app/vendor/gammamatrix/playground-test/src/Feature/Http/Controllers/Resource/Playground/RevisionsTrait.php" line="105" class="Tests\Feature\Playground\Directory\Resource\Http\Controllers\Playground\SublocationRouteTest" classname="Tests.Feature.Playground.Directory.Resource.Http.Controllers.Playground.SublocationRouteTest" assertions="3" time="0.273433"/>
        <testcase name="test_guest_cannot_render_revision_view" file="/app/vendor/gammamatrix/playground-test/src/Feature/Http/Controllers/Resource/Playground/RevisionTrait.php" line="39" class="Tests\Feature\Playground\Directory\Resource\Http\Controllers\Playground\SublocationRouteTest" classname="Tests.Feature.Playground.Directory.Resource.Http.Controllers.Playground.SublocationRouteTest" assertions="2" time="0.227575"/>
        <testcase name="test_revision_view_rendered_by_admin" file="/app/vendor/gammamatrix/playground-test/src/Feature/Http/Controllers/Resource/Playground/RevisionTrait.php" line="70" class="Tests\Feature\Playground\Directory\Resource\Http\Controllers\Playground\SublocationRouteTest" classname="Tests.Feature.Playground.Directory.Resource.Http.Controllers.Playground.SublocationRouteTest" assertions="2" time="0.248475"/>
        <testcase name="test_json_guest_cannot_see_info" file="/app/vendor/gammamatrix/playground-test/src/Feature/Http/Controllers/Resource/Playground/ShowJsonTrait.php" line="30" class="Tests\Feature\Playground\Directory\Resource\Http\Controllers\Playground\SublocationRouteTest" classname="Tests.Feature.Playground.Directory.Resource.Http.Controllers.Playground.SublocationRouteTest" assertions="1" time="0.214819"/>
        <testcase name="test_json_show_info_for_admin" file="/app/vendor/gammamatrix/playground-test/src/Feature/Http/Controllers/Resource/Playground/ShowJsonTrait.php" line="50" class="Tests\Feature\Playground\Directory\Resource\Http\Controllers\Playground\SublocationRouteTest" classname="Tests.Feature.Playground.Directory.Resource.Http.Controllers.Playground.SublocationRouteTest" assertions="96" time="0.234919"/>
        <testcase name="test_guest_cannot_render_show_view" file="/app/vendor/gammamatrix/playground-test/src/Feature/Http/Controllers/Resource/Playground/ShowTrait.php" line="30" class="Tests\Feature\Playground\Directory\Resource\Http\Controllers\Playground\SublocationRouteTest" classname="Tests.Feature.Playground.Directory.Resource.Http.Controllers.Playground.SublocationRouteTest" assertions="1" time="0.220212"/>
        <testcase name="test_show_view_rendered_by_admin" file="/app/vendor/gammamatrix/playground-test/src/Feature/Http/Controllers/Resource/Playground/ShowTrait.php" line="50" class="Tests\Feature\Playground\Directory\Resource\Http\Controllers\Playground\SublocationRouteTest" classname="Tests.Feature.Playground.Directory.Resource.Http.Controllers.Playground.SublocationRouteTest" assertions="2" time="0.242931"/>
        <testcase name="test_json_guest_cannot_store" file="/app/vendor/gammamatrix/playground-test/src/Feature/Http/Controllers/Resource/Playground/StoreJsonTrait.php" line="44" class="Tests\Feature\Playground\Directory\Resource\Http\Controllers\Playground\SublocationRouteTest" classname="Tests.Feature.Playground.Directory.Resource.Http.Controllers.Playground.SublocationRouteTest" assertions="3" time="0.211368"/>
        <testcase name="test_json_store_as_admin_without_payload_and_fail_validation" file="/app/vendor/gammamatrix/playground-test/src/Feature/Http/Controllers/Resource/Playground/StoreJsonTrait.php" line="67" class="Tests\Feature\Playground\Directory\Resource\Http\Controllers\Playground\SublocationRouteTest" classname="Tests.Feature.Playground.Directory.Resource.Http.Controllers.Playground.SublocationRouteTest" assertions="5" time="0.225386"/>
        <testcase name="test_json_store_as_admin_and_succeed" file="/app/vendor/gammamatrix/playground-test/src/Feature/Http/Controllers/Resource/Playground/StoreJsonTrait.php" line="93" class="Tests\Feature\Playground\Directory\Resource\Http\Controllers\Playground\SublocationRouteTest" classname="Tests.Feature.Playground.Directory.Resource.Http.Controllers.Playground.SublocationRouteTest" assertions="3" time="0.260085"/>
        <testcase name="test_guest_cannot_store" file="/app/vendor/gammamatrix/playground-test/src/Feature/Http/Controllers/Resource/Playground/StoreTrait.php" line="39" class="Tests\Feature\Playground\Directory\Resource\Http\Controllers\Playground\SublocationRouteTest" classname="Tests.Feature.Playground.Directory.Resource.Http.Controllers.Playground.SublocationRouteTest" assertions="3" time="0.211883"/>
        <testcase name="test_store_as_admin_without_payload_and_fail_validation" file="/app/vendor/gammamatrix/playground-test/src/Feature/Http/Controllers/Resource/Playground/StoreTrait.php" line="62" class="Tests\Feature\Playground\Directory\Resource\Http\Controllers\Playground\SublocationRouteTest" classname="Tests.Feature.Playground.Directory.Resource.Http.Controllers.Playground.SublocationRouteTest" assertions="5" time="0.226236"/>
        <testcase name="test_store_as_admin_and_succeed" file="/app/vendor/gammamatrix/playground-test/src/Feature/Http/Controllers/Resource/Playground/StoreTrait.php" line="91" class="Tests\Feature\Playground\Directory\Resource\Http\Controllers\Playground\SublocationRouteTest" classname="Tests.Feature.Playground.Directory.Resource.Http.Controllers.Playground.SublocationRouteTest" assertions="4" time="0.259148"/>
        <testcase name="test_store_as_admin_and_succeed_with_return_url" file="/app/vendor/gammamatrix/playground-test/src/Feature/Http/Controllers/Resource/Playground/StoreTrait.php" line="136" class="Tests\Feature\Playground\Directory\Resource\Http\Controllers\Playground\SublocationRouteTest" classname="Tests.Feature.Playground.Directory.Resource.Http.Controllers.Playground.SublocationRouteTest" assertions="4" time="0.257223"/>
        <testcase name="test_json_guest_cannot_unlock" file="/app/vendor/gammamatrix/playground-test/src/Feature/Http/Controllers/Resource/Playground/UnlockJsonTrait.php" line="37" class="Tests\Feature\Playground\Directory\Resource\Http\Controllers\Playground\SublocationRouteTest" classname="Tests.Feature.Playground.Directory.Resource.Http.Controllers.Playground.SublocationRouteTest" assertions="3" time="0.217517"/>
        <testcase name="test_json_unlock_as_admin_and_succeed" file="/app/vendor/gammamatrix/playground-test/src/Feature/Http/Controllers/Resource/Playground/UnlockJsonTrait.php" line="69" class="Tests\Feature\Playground\Directory\Resource\Http\Controllers\Playground\SublocationRouteTest" classname="Tests.Feature.Playground.Directory.Resource.Http.Controllers.Playground.SublocationRouteTest" assertions="97" time="0.238491"/>
        <testcase name="test_json_unlock_as_admin_and_succeed_with_no_redirect" file="/app/vendor/gammamatrix/playground-test/src/Feature/Http/Controllers/Resource/Playground/UnlockJsonTrait.php" line="105" class="Tests\Feature\Playground\Directory\Resource\Http\Controllers\Playground\SublocationRouteTest" classname="Tests.Feature.Playground.Directory.Resource.Http.Controllers.Playground.SublocationRouteTest" assertions="97" time="0.239804"/>
        <testcase name="test_json_unlock_as_user_and_get_denied" file="/app/vendor/gammamatrix/playground-test/src/Feature/Http/Controllers/Resource/Playground/UnlockJsonTrait.php" line="146" class="Tests\Feature\Playground\Directory\Resource\Http\Controllers\Playground\SublocationRouteTest" classname="Tests.Feature.Playground.Directory.Resource.Http.Controllers.Playground.SublocationRouteTest" assertions="3" time="0.229872"/>
        <testcase name="test_guest_cannot_unlock" file="/app/vendor/gammamatrix/playground-test/src/Feature/Http/Controllers/Resource/Playground/UnlockTrait.php" line="37" class="Tests\Feature\Playground\Directory\Resource\Http\Controllers\Playground\SublocationRouteTest" classname="Tests.Feature.Playground.Directory.Resource.Http.Controllers.Playground.SublocationRouteTest" assertions="3" time="0.218918"/>
        <testcase name="test_unlock_as_admin_and_succeed" file="/app/vendor/gammamatrix/playground-test/src/Feature/Http/Controllers/Resource/Playground/UnlockTrait.php" line="69" class="Tests\Feature\Playground\Directory\Resource\Http\Controllers\Playground\SublocationRouteTest" classname="Tests.Feature.Playground.Directory.Resource.Http.Controllers.Playground.SublocationRouteTest" assertions="4" time="0.232571"/>
        <testcase name="test_unlock_as_admin_and_succeed_with_redirect_to_index_with_sorted_by_unlocked_desc" file="/app/vendor/gammamatrix/playground-test/src/Feature/Http/Controllers/Resource/Playground/UnlockTrait.php" line="110" class="Tests\Feature\Playground\Directory\Resource\Http\Controllers\Playground\SublocationRouteTest" classname="Tests.Feature.Playground.Directory.Resource.Http.Controllers.Playground.SublocationRouteTest" assertions="4" time="0.246250"/>
        <testcase name="test_unlock_as_user_and_get_denied" file="/app/vendor/gammamatrix/playground-test/src/Feature/Http/Controllers/Resource/Playground/UnlockTrait.php" line="149" class="Tests\Feature\Playground\Directory\Resource\Http\Controllers\Playground\SublocationRouteTest" classname="Tests.Feature.Playground.Directory.Resource.Http.Controllers.Playground.SublocationRouteTest" assertions="3" time="0.229385"/>
        <testcase name="test_json_guest_cannot_update" file="/app/vendor/gammamatrix/playground-test/src/Feature/Http/Controllers/Resource/Playground/UpdateJsonTrait.php" line="46" class="Tests\Feature\Playground\Directory\Resource\Http\Controllers\Playground\SublocationRouteTest" classname="Tests.Feature.Playground.Directory.Resource.Http.Controllers.Playground.SublocationRouteTest" assertions="1" time="0.216822"/>
        <testcase name="test_json_update_as_admin_without_payload_and_passes_validation" file="/app/vendor/gammamatrix/playground-test/src/Feature/Http/Controllers/Resource/Playground/UpdateJsonTrait.php" line="66" class="Tests\Feature\Playground\Directory\Resource\Http\Controllers\Playground\SublocationRouteTest" classname="Tests.Feature.Playground.Directory.Resource.Http.Controllers.Playground.SublocationRouteTest" assertions="2" time="0.269567"/>
        <testcase name="test_json_admin_can_update" file="/app/vendor/gammamatrix/playground-test/src/Feature/Http/Controllers/Resource/Playground/UpdateJsonTrait.php" line="114" class="Tests\Feature\Playground\Directory\Resource\Http\Controllers\Playground\SublocationRouteTest" classname="Tests.Feature.Playground.Directory.Resource.Http.Controllers.Playground.SublocationRouteTest" assertions="99" time="0.311281"/>
        <testcase name="test_guest_cannot_update" file="/app/vendor/gammamatrix/playground-test/src/Feature/Http/Controllers/Resource/Playground/UpdateTrait.php" line="46" class="Tests\Feature\Playground\Directory\Resource\Http\Controllers\Playground\SublocationRouteTest" classname="Tests.Feature.Playground.Directory.Resource.Http.Controllers.Playground.SublocationRouteTest" assertions="1" time="0.221569"/>
        <testcase name="test_update_as_admin_without_payload_and_passes_validation" file="/app/vendor/gammamatrix/playground-test/src/Feature/Http/Controllers/Resource/Playground/UpdateTrait.php" line="66" class="Tests\Feature\Playground\Directory\Resource\Http\Controllers\Playground\SublocationRouteTest" classname="Tests.Feature.Playground.Directory.Resource.Http.Controllers.Playground.SublocationRouteTest" assertions="3" time="0.266969"/>
        <testcase name="test_admin_can_update" file="/app/vendor/gammamatrix/playground-test/src/Feature/Http/Controllers/Resource/Playground/UpdateTrait.php" line="117" class="Tests\Feature\Playground\Directory\Resource\Http\Controllers\Playground\SublocationRouteTest" classname="Tests.Feature.Playground.Directory.Resource.Http.Controllers.Playground.SublocationRouteTest" assertions="6" time="0.305543"/>
        <testcase name="test_admin_can_update_view_with_return_url" file="/app/vendor/gammamatrix/playground-test/src/Feature/Http/Controllers/Resource/Playground/UpdateTrait.php" line="160" class="Tests\Feature\Playground\Directory\Resource\Http\Controllers\Playground\SublocationRouteTest" classname="Tests.Feature.Playground.Directory.Resource.Http.Controllers.Playground.SublocationRouteTest" assertions="6" time="0.311095"/>
      </testsuite>
      <testsuite name="Tests\Feature\Playground\Directory\Resource\Http\Requests\FormRequest\InstanceTest" file="/app/tests/Feature/Http/Requests/FormRequest/InstanceTest.php" tests="1" assertions="1" errors="0" failures="0" skipped="0" time="0.184806">
        <testcase name="test_form_request_authorize_with_admin" file="/app/tests/Feature/Http/Requests/FormRequest/InstanceTest.php" line="23" class="Tests\Feature\Playground\Directory\Resource\Http\Requests\FormRequest\InstanceTest" classname="Tests.Feature.Playground.Directory.Resource.Http.Requests.FormRequest.InstanceTest" assertions="1" time="0.184806"/>
      </testsuite>
    </testsuite>
  </testsuite>
</testsuites>
